\BOOKMARK [0][-]{chapter.1}{\376\377\000I\000\040\000c\000a\000l\000c\000o\000l\000a\000t\000o\000r\000i}{}% 1
\BOOKMARK [1][-]{section.1.1}{\376\377\000I\000n\000t\000r\000o\000d\000u\000z\000i\000o\000n\000e\000\040\000e\000\040\000c\000a\000r\000a\000t\000t\000e\000r\000i\000s\000t\000i\000c\000h\000e\000\040\000d\000e\000i\000\040\000c\000a\000l\000c\000o\000l\000a\000t\000o\000r\000i\000,\000\040\000l\000e\000g\000g\000e\000\040\000d\000i\000\040\000M\000o\000o\000r\000e\000,\000\040\000t\000i\000p\000o\000l\000o\000g\000i\000e\000\040\000d\000i\000\040\000c\000o\000m\000p\000u\000t\000e\000r}{chapter.1}% 2
\BOOKMARK [1][-]{section.1.2}{\376\377\000S\000v\000i\000l\000u\000p\000p\000o\000\040\000d\000e\000l\000\040\000c\000o\000m\000p\000u\000t\000e\000r}{chapter.1}% 3
\BOOKMARK [2][-]{subsection.1.2.1}{\376\377\000G\000e\000n\000e\000r\000a\000z\000i\000o\000n\000e\000\040\000z\000e\000r\000o\000\040\000-\000\040\000C\000o\000m\000p\000u\000t\000e\000r\000\040\000m\000e\000c\000c\000a\000n\000i\000c\000i}{section.1.2}% 4
\BOOKMARK [2][-]{subsection.1.2.2}{\376\377\000P\000r\000i\000m\000a\000\040\000g\000e\000n\000e\000r\000a\000z\000i\000o\000n\000e\000\040\000-\000\040\000V\000a\000l\000v\000o\000l\000e}{section.1.2}% 5
\BOOKMARK [2][-]{subsection.1.2.3}{\376\377\000S\000e\000c\000o\000n\000d\000a\000\040\000g\000e\000n\000e\000r\000a\000z\000i\000o\000n\000e\000\040\000-\000\040\000T\000r\000a\000n\000s\000i\000s\000o\000r}{section.1.2}% 6
\BOOKMARK [2][-]{subsection.1.2.4}{\376\377\000T\000e\000r\000z\000a\000\040\000g\000e\000n\000e\000r\000a\000z\000i\000o\000n\000e\000\040\000-\000\040\000C\000i\000r\000c\000u\000i\000t\000i\000\040\000i\000n\000t\000e\000g\000r\000a\000t\000i}{section.1.2}% 7
\BOOKMARK [2][-]{subsection.1.2.5}{\376\377\000Q\000u\000a\000r\000t\000a\000\040\000g\000e\000n\000e\000r\000a\000z\000i\000o\000n\000e\000\040\000-\000\040\000I\000n\000t\000e\000g\000r\000a\000z\000i\000o\000n\000e\000\040\000a\000\040\000g\000r\000a\000n\000d\000i\000s\000s\000i\000m\000a\000\040\000s\000c\000a\000l\000a}{section.1.2}% 8
\BOOKMARK [2][-]{subsection.1.2.6}{\376\377\000Q\000u\000i\000n\000t\000a\000\040\000g\000e\000n\000e\000r\000a\000z\000i\000o\000n\000e\000\040\000-\000\040\000C\000o\000m\000p\000u\000t\000e\000r\000\040\000i\000n\000v\000i\000s\000i\000b\000i\000l\000i}{section.1.2}% 9
\BOOKMARK [1][-]{section.1.3}{\376\377\000A\000r\000c\000h\000i\000t\000e\000t\000t\000u\000r\000a\000\040\000d\000i\000\040\000V\000o\000n\000\040\000N\000e\000u\000m\000a\000n\000n\000\040\000e\000\040\000l\000e\000\040\000s\000u\000e\000\040\000c\000o\000m\000p\000o\000n\000e\000n\000t\000i}{chapter.1}% 10
\BOOKMARK [1][-]{section.1.4}{\376\377\000L\000i\000n\000g\000u\000a\000g\000g\000i\000\040\000d\000i\000\040\000p\000r\000o\000g\000r\000a\000m\000m\000a\000z\000i\000o\000n\000e}{chapter.1}% 11
\BOOKMARK [1][-]{section.1.5}{\376\377\000M\000a\000c\000c\000h\000i\000n\000e\000\040\000m\000u\000l\000t\000i\000l\000i\000v\000e\000l\000l\000o}{chapter.1}% 12
\BOOKMARK [2][-]{subsection.1.5.1}{\376\377\000L\000i\000v\000e\000l\000l\000o\000\040\0000\000\040\000-\000\040\000L\000i\000v\000e\000l\000l\000o\000\040\000l\000o\000g\000i\000c\000o\000\040\000d\000i\000g\000i\000t\000a\000l\000e}{section.1.5}% 13
\BOOKMARK [2][-]{subsection.1.5.2}{\376\377\000L\000i\000v\000e\000l\000l\000o\000\040\0001\000\040\000-\000\040\000m\000i\000c\000r\000o\000a\000r\000c\000h\000i\000t\000e\000t\000t\000u\000r\000a}{section.1.5}% 14
\BOOKMARK [2][-]{subsection.1.5.3}{\376\377\000L\000i\000v\000e\000l\000l\000o\000\040\0002\000\040\000-\000\040\000I\000S\000A\000,\000\040\000L\000i\000v\000e\000l\000l\000o\000\040\000d\000i\000\040\000m\000i\000c\000r\000o\000p\000r\000o\000g\000r\000a\000m\000m\000a\000z\000i\000o\000n\000e}{section.1.5}% 15
\BOOKMARK [2][-]{subsection.1.5.4}{\376\377\000L\000i\000v\000e\000l\000l\000o\000\040\0003\000\040\000-\000\040\000S\000i\000s\000t\000e\000m\000a\000\040\000o\000p\000e\000r\000a\000t\000i\000v\000o}{section.1.5}% 16
\BOOKMARK [2][-]{subsection.1.5.5}{\376\377\000L\000i\000v\000e\000l\000l\000o\000\040\0004\000\040\000-\000\040\000L\000i\000v\000e\000l\000l\000o\000\040\000a\000s\000s\000e\000m\000b\000l\000a\000t\000i\000v\000o}{section.1.5}% 17
\BOOKMARK [2][-]{subsection.1.5.6}{\376\377\000L\000i\000v\000e\000l\000l\000o\000\040\0005\000\040\000-\000\040\000L\000i\000n\000g\000u\000a\000g\000g\000i\000o\000\040\000a\000d\000\040\000a\000l\000t\000o\000\040\000l\000i\000v\000e\000l\000l\000o}{section.1.5}% 18
\BOOKMARK [0][-]{chapter.2}{\376\377\000S\000i\000s\000t\000e\000m\000i\000\040\000n\000u\000m\000e\000r\000i\000c\000i\000\040\000e\000\040\000r\000a\000p\000p\000r\000e\000s\000e\000n\000t\000a\000z\000i\000o\000n\000e\000\040\000d\000i\000g\000i\000t\000a\000l\000e\000\040\000d\000e\000i\000\040\000s\000e\000g\000n\000a\000l\000e}{}% 19
\BOOKMARK [1][-]{section.2.1}{\376\377\000I\000l\000\040\000b\000i\000t\000,\000\040\000s\000i\000s\000t\000e\000m\000i\000\040\000n\000u\000m\000e\000r\000i\000c\000i\000\040\000e\000\040\000c\000o\000d\000i\000f\000i\000c\000a\000\040\000d\000e\000i\000\040\000d\000a\000t\000i}{chapter.2}% 20
\BOOKMARK [1][-]{section.2.2}{\376\377\000R\000a\000p\000p\000r\000e\000s\000e\000n\000t\000a\000z\000i\000o\000n\000e\000\040\000d\000i\000g\000i\000t\000a\000l\000e\000\040\000d\000e\000i\000\040\000s\000e\000g\000n\000a\000l\000i}{chapter.2}% 21
\BOOKMARK [2][-]{subsection.2.2.1}{\376\377\000C\000o\000d\000i\000f\000i\000c\000a\000\040\000d\000e\000i\000\040\000c\000a\000r\000a\000t\000t\000e\000r\000i}{section.2.2}% 22
\BOOKMARK [2][-]{subsection.2.2.2}{\376\377\000C\000o\000d\000i\000f\000i\000c\000a\000\040\000d\000e\000l\000l\000'\000a\000u\000d\000i\000o}{section.2.2}% 23
\BOOKMARK [2][-]{subsection.2.2.3}{\376\377\000C\000o\000d\000i\000f\000i\000c\000a\000\040\000d\000e\000l\000l\000e\000\040\000i\000m\000m\000a\000g\000i\000n\000i}{section.2.2}% 24
\BOOKMARK [2][-]{subsection.2.2.4}{\376\377\000C\000o\000d\000i\000f\000i\000c\000a\000\040\000d\000i\000\040\000u\000n\000\040\000f\000i\000l\000m\000a\000t\000o}{section.2.2}% 25
\BOOKMARK [0][-]{chapter.3}{\376\377\000S\000t\000u\000d\000i\000o\000\040\000d\000e\000l\000\040\000c\000a\000l\000c\000o\000l\000a\000t\000o\000r\000e}{}% 26
\BOOKMARK [1][-]{section.3.1}{\376\377\000A\000r\000c\000h\000i\000t\000e\000t\000t\000u\000r\000a\000\040\000d\000i\000\040\000V\000o\000n\000\040\000N\000e\000u\000m\000a\000n\000n}{chapter.3}% 27
\BOOKMARK [2][-]{subsection.3.1.1}{\376\377\000S\000c\000h\000e\000d\000a\000\040\000m\000a\000d\000r\000e}{section.3.1}% 28
\BOOKMARK [2][-]{subsection.3.1.2}{\376\377\000O\000s\000c\000i\000l\000l\000a\000t\000o\000r\000e}{section.3.1}% 29
\BOOKMARK [2][-]{subsection.3.1.3}{\376\377\000C\000P\000U\000\040\000e\000\040\000i\000\040\000s\000u\000o\000i\000\040\000r\000e\000g\000i\000s\000t\000r\000i}{section.3.1}% 30
\BOOKMARK [2][-]{subsection.3.1.4}{\376\377\000I\000\040\000B\000U\000S}{section.3.1}% 31
\BOOKMARK [1][-]{section.3.2}{\376\377\000I\000P\000C\000\040\000-\000\040\000I\000n\000s\000t\000r\000u\000c\000t\000i\000o\000n\000\040\000p\000e\000r\000\040\000c\000y\000c\000l\000e}{chapter.3}% 32
\BOOKMARK [1][-]{section.3.3}{\376\377\000I\000n\000s\000t\000r\000u\000c\000t\000i\000o\000n\000\040\000E\000x\000e\000c\000u\000t\000i\000o\000n\000\040\000S\000t\000e\000p\000s}{chapter.3}% 33
\BOOKMARK [1][-]{section.3.4}{\376\377\000R\000I\000S\000C\000\040\000e\000\040\000C\000I\000S\000C}{chapter.3}% 34
\BOOKMARK [1][-]{section.3.5}{\376\377\000P\000r\000i\000n\000c\000i\000p\000i\000\040\000d\000i\000\040\000p\000r\000o\000g\000e\000t\000t\000a\000z\000i\000o\000n\000e\000\040\000d\000e\000i\000\040\000c\000a\000l\000c\000o\000l\000a\000t\000o\000r\000i\000\040\000m\000o\000d\000e\000r\000n\000i}{chapter.3}% 35
\BOOKMARK [1][-]{section.3.6}{\376\377\000P\000a\000r\000a\000l\000l\000e\000l\000i\000s\000m\000o\000\040\000s\000e\000c\000o\000n\000d\000o\000\040\000l\000a\000\040\000t\000a\000s\000s\000o\000n\000o\000m\000i\000a\000\040\000d\000i\000\040\000F\000l\000y\000n\000n}{chapter.3}% 36
\BOOKMARK [2][-]{subsection.3.6.1}{\376\377\000P\000a\000r\000a\000l\000l\000e\000l\000i\000s\000m\000o\000\040\000a\000\040\000l\000i\000v\000e\000l\000l\000o\000\040\000d\000'\000i\000s\000t\000r\000u\000z\000i\000o\000n\000e}{section.3.6}% 37
\BOOKMARK [2][-]{subsection.3.6.2}{\376\377\000P\000a\000r\000a\000l\000l\000e\000l\000i\000s\000m\000o\000\040\000a\000\040\000l\000i\000v\000e\000l\000l\000o\000\040\000d\000i\000\040\000p\000r\000o\000c\000e\000s\000s\000o\000r\000e}{section.3.6}% 38
\BOOKMARK [1][-]{section.3.7}{\376\377\000M\000e\000m\000o\000r\000i\000a\000\040\000p\000r\000i\000n\000c\000i\000p\000a\000l\000e}{chapter.3}% 39
\BOOKMARK [2][-]{subsection.3.7.1}{\376\377\000L\000o\000c\000a\000z\000i\000o\000n\000i\000\040\000d\000i\000\040\000m\000e\000m\000o\000r\000i\000a}{section.3.7}% 40
\BOOKMARK [2][-]{subsection.3.7.2}{\376\377\000O\000r\000d\000i\000n\000a\000m\000e\000n\000t\000o\000\040\000d\000e\000i\000\040\000b\000y\000t\000e}{section.3.7}% 41
\BOOKMARK [1][-]{section.3.8}{\376\377\000C\000o\000d\000i\000c\000i\000\040\000c\000o\000r\000r\000e\000t\000t\000o\000r\000i\000\040\000d\000i\000\040\000e\000r\000r\000o\000r\000i}{chapter.3}% 42
\BOOKMARK [2][-]{subsection.3.8.1}{\376\377\000D\000i\000s\000t\000a\000n\000z\000a\000\040\000d\000i\000\040\000H\000a\000m\000m\000i\000n\000g}{section.3.8}% 43
\BOOKMARK [2][-]{subsection.3.8.2}{\376\377\000C\000o\000d\000i\000c\000e\000\040\000d\000i\000\040\000H\000a\000m\000m\000i\000n\000g}{section.3.8}% 44
\BOOKMARK [1][-]{section.3.9}{\376\377\000M\000e\000m\000o\000r\000i\000a\000\040\000c\000a\000c\000h\000e}{chapter.3}% 45
\BOOKMARK [2][-]{subsection.3.9.1}{\376\377\000C\000a\000c\000h\000e\000\040\000a\000\040\000c\000o\000r\000r\000i\000s\000p\000o\000n\000d\000e\000n\000z\000a\000\040\000d\000i\000r\000e\000t\000t\000a}{section.3.9}% 46
\BOOKMARK [2][-]{subsection.3.9.2}{\376\377\000C\000a\000c\000h\000e\000\040\000s\000e\000t\000-\000a\000s\000s\000o\000c\000i\000a\000t\000i\000v\000e}{section.3.9}% 47
\BOOKMARK [2][-]{subsection.3.9.3}{\376\377\000A\000s\000s\000e\000m\000b\000l\000a\000g\000g\000i\000o\000\040\000e\000\040\000t\000i\000p\000i\000\040\000d\000i\000\040\000m\000e\000m\000o\000r\000i\000a}{section.3.9}% 48
\BOOKMARK [1][-]{section.3.10}{\376\377\000M\000e\000m\000o\000r\000i\000a\000\040\000S\000e\000c\000o\000n\000d\000a\000r\000i\000a}{chapter.3}% 49
\BOOKMARK [2][-]{subsection.3.10.1}{\376\377\000G\000e\000r\000a\000r\000c\000h\000i\000e\000\040\000d\000i\000\040\000m\000e\000m\000o\000r\000i\000a}{section.3.10}% 50
\BOOKMARK [2][-]{subsection.3.10.2}{\376\377\000D\000i\000s\000c\000h\000i\000\040\000m\000a\000g\000n\000e\000t\000i\000c\000i}{section.3.10}% 51
\BOOKMARK [2][-]{subsection.3.10.3}{\376\377\000D\000i\000s\000c\000h\000i\000\040\000I\000D\000E}{section.3.10}% 52
\BOOKMARK [2][-]{subsection.3.10.4}{\376\377\000D\000i\000s\000c\000h\000i\000\040\000S\000C\000S\000I}{section.3.10}% 53
\BOOKMARK [2][-]{subsection.3.10.5}{\376\377\000R\000A\000I\000D}{section.3.10}% 54
\BOOKMARK [2][-]{subsection.3.10.6}{\376\377\000D\000i\000s\000c\000h\000i\000\040\000a\000\040\000s\000t\000a\000t\000o\000\040\000s\000o\000l\000i\000d\000o}{section.3.10}% 55
\BOOKMARK [2][-]{subsection.3.10.7}{\376\377\000C\000D\000-\000R\000i\000s\000c\000r\000i\000v\000i\000b\000i\000l\000i}{section.3.10}% 56
\BOOKMARK [2][-]{subsection.3.10.8}{\376\377\000D\000V\000D}{section.3.10}% 57
\BOOKMARK [2][-]{subsection.3.10.9}{\376\377\000B\000l\000u\000-\000R\000a\000y}{section.3.10}% 58
\BOOKMARK [0][-]{chapter.4}{\376\377\000A\000l\000g\000e\000b\000r\000a\000\040\000d\000i\000\040\000B\000o\000o\000l\000e\000\040\000e\000\040\000i\000\040\000c\000i\000r\000c\000u\000i\000t\000i\000\040\000l\000o\000g\000i\000c\000i}{}% 59
\BOOKMARK [1][-]{section.4.1}{\376\377\000P\000o\000r\000t\000e\000\040\000l\000o\000g\000i\000c\000h\000e}{chapter.4}% 60
\BOOKMARK [1][-]{section.4.2}{\376\377\000L\000o\000g\000i\000c\000a\000\040\000p\000r\000o\000p\000o\000s\000i\000z\000i\000o\000n\000a\000l\000e\000:\000\040\000l\000e\000\040\000p\000r\000o\000p\000o\000s\000i\000z\000i\000o\000n\000i}{chapter.4}% 61
\BOOKMARK [2][-]{subsection.4.2.1}{\376\377\000O\000p\000e\000r\000a\000t\000o\000r\000e\000\040\000N\000O\000T}{section.4.2}% 62
\BOOKMARK [2][-]{subsection.4.2.2}{\376\377\000O\000p\000e\000r\000a\000t\000o\000r\000e\000\040\000O\000R\000\040\000-\000\040\000S\000o\000m\000m\000a\000\040\000l\000o\000g\000i\000c\000a}{section.4.2}% 63
\BOOKMARK [2][-]{subsection.4.2.3}{\376\377\000O\000p\000e\000r\000a\000t\000o\000r\000e\000\040\000A\000N\000D\000\040\000-\000\040\000P\000r\000o\000d\000o\000t\000t\000o\000\040\000l\000o\000g\000i\000c\000o}{section.4.2}% 64
\BOOKMARK [2][-]{subsection.4.2.4}{\376\377\000O\000p\000e\000r\000a\000t\000o\000r\000e\000\040\000X\000O\000R\000\040\000-\000\040\000S\000o\000m\000m\000a\000\040\000m\000o\000d\000u\000l\000o\000\040\0002}{section.4.2}% 65
\BOOKMARK [2][-]{subsection.4.2.5}{\376\377\000O\000p\000e\000r\000a\000t\000o\000r\000e\000\040\000N\000O\000R}{section.4.2}% 66
\BOOKMARK [2][-]{subsection.4.2.6}{\376\377\000O\000p\000e\000r\000a\000t\000o\000r\000e\000\040\000N\000A\000N\000D}{section.4.2}% 67
\BOOKMARK [2][-]{subsection.4.2.7}{\376\377\000I\000d\000e\000n\000t\000i\000t\000\340\000\040\000e\000\040\000p\000r\000o\000p\000r\000i\000e\000t\000\340\000\040\000d\000e\000l\000l\000'\000a\000l\000g\000e\000b\000r\000a\000\040\000b\000o\000o\000l\000e\000a\000n\000a}{section.4.2}% 68
\BOOKMARK [1][-]{section.4.3}{\376\377\000C\000i\000r\000c\000u\000i\000t\000i\000\040\000l\000o\000g\000i\000c\000i\000\040\000d\000i\000g\000i\000t\000a\000l\000i\000\040\000e\000l\000e\000m\000e\000n\000t\000a\000r\000i}{chapter.4}% 69
\BOOKMARK [2][-]{subsection.4.3.1}{\376\377\000C\000i\000r\000c\000u\000i\000t\000i\000\040\000i\000n\000t\000e\000g\000r\000a\000t\000i}{section.4.3}% 70
\BOOKMARK [1][-]{section.4.4}{\376\377\000R\000e\000t\000i\000\040\000c\000o\000m\000b\000i\000n\000a\000t\000o\000r\000i\000e}{chapter.4}% 71
\BOOKMARK [2][-]{subsection.4.4.1}{\376\377\000M\000u\000l\000t\000i\000p\000l\000e\000x\000e\000r}{section.4.4}% 72
\BOOKMARK [2][-]{subsection.4.4.2}{\376\377\000D\000e\000c\000o\000d\000i\000f\000i\000c\000a\000t\000o\000r\000e}{section.4.4}% 73
\BOOKMARK [2][-]{subsection.4.4.3}{\376\377\000C\000o\000m\000p\000a\000r\000a\000t\000o\000r\000i}{section.4.4}% 74
\BOOKMARK [2][-]{subsection.4.4.4}{\376\377\000A\000r\000r\000a\000y\000\040\000l\000o\000g\000i\000c\000i\000\040\000p\000r\000o\000g\000r\000a\000m\000m\000a\000b\000i\000l\000i}{section.4.4}% 75
\BOOKMARK [1][-]{section.4.5}{\376\377\000C\000i\000r\000c\000u\000i\000t\000i\000\040\000p\000e\000r\000\040\000l\000'\000a\000r\000i\000t\000m\000e\000t\000i\000c\000a}{chapter.4}% 76
\BOOKMARK [2][-]{subsection.4.5.1}{\376\377\000R\000e\000g\000i\000s\000t\000r\000i\000\040\000a\000\040\000s\000c\000o\000r\000r\000i\000m\000e\000n\000t\000o}{section.4.5}% 77
\BOOKMARK [2][-]{subsection.4.5.2}{\376\377\000U\000n\000i\000t\000\340\000\040\000d\000i\000\040\000s\000e\000m\000i\000\040\000s\000o\000m\000m\000a}{section.4.5}% 78
\BOOKMARK [2][-]{subsection.4.5.3}{\376\377\000F\000u\000l\000l\000\040\000a\000d\000d\000e\000r}{section.4.5}% 79
\BOOKMARK [1][-]{section.4.6}{\376\377\000U\000n\000i\000t\000\340\000\040\000a\000r\000i\000t\000m\000e\000t\000i\000c\000o\000\040\000l\000o\000g\000i\000c\000a}{chapter.4}% 80
\BOOKMARK [1][-]{section.4.7}{\376\377\000C\000l\000o\000c\000k}{chapter.4}% 81
\BOOKMARK [1][-]{section.4.8}{\376\377\000M\000e\000m\000o\000r\000i\000a}{chapter.4}% 82
\BOOKMARK [2][-]{subsection.4.8.1}{\376\377\000L\000a\000t\000c\000h\000\040\000S\000R}{section.4.8}% 83
\BOOKMARK [2][-]{subsection.4.8.2}{\376\377\000L\000a\000t\000c\000h\000\040\000S\000R\000\040\000t\000e\000m\000p\000o\000r\000i\000z\000z\000a\000t\000o}{section.4.8}% 84
\BOOKMARK [2][-]{subsection.4.8.3}{\376\377\000L\000a\000t\000c\000h\000\040\000D\000\040\000t\000e\000m\000p\000o\000r\000i\000z\000z\000a\000t\000o}{section.4.8}% 85
\BOOKMARK [2][-]{subsection.4.8.4}{\376\377\000G\000e\000n\000e\000r\000a\000t\000o\000r\000e\000\040\000d\000i\000\040\000i\000m\000p\000u\000l\000s\000i}{section.4.8}% 86
\BOOKMARK [2][-]{subsection.4.8.5}{\376\377\000F\000l\000i\000p\000\040\000F\000l\000o\000p}{section.4.8}% 87
\BOOKMARK [2][-]{subsection.4.8.6}{\376\377\000R\000e\000g\000i\000s\000t\000r\000i}{section.4.8}% 88
\BOOKMARK [2][-]{subsection.4.8.7}{\376\377\000O\000r\000g\000a\000n\000i\000z\000z\000a\000z\000i\000o\000n\000e\000\040\000d\000e\000l\000l\000a\000\040\000m\000e\000m\000o\000r\000i\000a}{section.4.8}% 89
\BOOKMARK [2][-]{subsection.4.8.8}{\376\377\000C\000h\000i\000p\000\040\000d\000i\000\040\000m\000e\000m\000o\000r\000i\000a}{section.4.8}% 90
\BOOKMARK [2][-]{subsection.4.8.9}{\376\377\000R\000A\000M\000\040\000e\000\040\000R\000O\000M}{section.4.8}% 91
\BOOKMARK [1][-]{section.4.9}{\376\377\000C\000h\000i\000p\000\040\000d\000e\000l\000l\000a\000\040\000C\000P\000U\000\040\000e\000\040\000B\000U\000S}{chapter.4}% 92
\BOOKMARK [1][-]{section.4.10}{\376\377\000I\000n\000t\000e\000r\000f\000a\000c\000c\000e}{chapter.4}% 93
\BOOKMARK [2][-]{subsection.4.10.1}{\376\377\000I\000n\000t\000e\000r\000f\000a\000c\000c\000e\000\040\000d\000i\000\040\000I\000/\000O}{section.4.10}% 94
\BOOKMARK [0][-]{chapter.5}{\376\377\000E\000s\000p\000r\000e\000s\000s\000i\000o\000n\000i\000\040\000l\000o\000g\000i\000c\000h\000e\000\040\000e\000\040\000m\000a\000p\000p\000e\000\040\000d\000i\000\040\000K\000a\000r\000n\000u\000g\000h}{}% 95
\BOOKMARK [1][-]{section.5.1}{\376\377\000F\000o\000r\000m\000a\000\040\000n\000o\000r\000m\000a\000l\000e\000\040\000d\000i\000s\000g\000i\000u\000n\000t\000i\000v\000a\000\040\000e\000\040\000c\000o\000n\000g\000i\000u\000n\000t\000i\000v\000a}{chapter.5}% 96
\BOOKMARK [1][-]{section.5.2}{\376\377\000R\000i\000c\000o\000s\000t\000r\000u\000i\000r\000e\000\040\000u\000n\000'\000e\000s\000p\000r\000e\000s\000s\000i\000o\000n\000e\000\040\000l\000o\000g\000i\000c\000a}{chapter.5}% 97
\BOOKMARK [2][-]{subsection.5.2.1}{\376\377\000M\000i\000n\000t\000e\000r\000m\000i\000n\000i\000\040\000e\000\040\000m\000a\000x\000t\000e\000r\000m\000i\000n\000i}{section.5.2}% 98
\BOOKMARK [2][-]{subsection.5.2.2}{\376\377\000S\000e\000m\000p\000l\000i\000f\000i\000c\000a\000r\000e\000\040\000u\000n\000'\000e\000s\000p\000r\000e\000s\000s\000i\000o\000n\000e\000\040\000l\000o\000g\000i\000c\000a}{section.5.2}% 99
\BOOKMARK [2][-]{subsection.5.2.3}{\376\377\000T\000e\000o\000r\000e\000m\000a\000\040\000d\000i\000\040\000S\000h\000a\000n\000n\000o\000n}{section.5.2}% 100
\BOOKMARK [2][-]{subsection.5.2.4}{\376\377\000M\000a\000p\000p\000a\000\040\000d\000i\000\040\000K\000a\000r\000n\000a\000u\000g\000h}{section.5.2}% 101
\BOOKMARK [0][-]{chapter.6}{\376\377\000L\000i\000v\000e\000l\000l\000o\000\040\000I\000S\000A}{}% 102
\BOOKMARK [1][-]{section.6.1}{\376\377\000M\000o\000d\000e\000l\000l\000i\000\040\000d\000i\000\040\000m\000e\000m\000o\000r\000i\000a}{chapter.6}% 103
\BOOKMARK [1][-]{section.6.2}{\376\377\000R\000e\000g\000i\000s\000t\000r\000i}{chapter.6}% 104
\BOOKMARK [1][-]{section.6.3}{\376\377\000T\000i\000p\000o\000l\000o\000g\000i\000e\000\040\000d\000i\000\040\000a\000r\000c\000h\000i\000t\000e\000t\000t\000u\000r\000e\000\040\000p\000e\000r\000\040\000m\000i\000c\000r\000o\000p\000r\000o\000c\000e\000s\000s\000o\000r\000i}{chapter.6}% 105
\BOOKMARK [2][-]{subsection.6.3.1}{\376\377\000A\000r\000c\000h\000i\000t\000e\000t\000t\000u\000r\000a\000\040\000C\000I\000S\000C}{section.6.3}% 106
\BOOKMARK [2][-]{subsection.6.3.2}{\376\377\000A\000r\000c\000h\000i\000t\000e\000t\000t\000u\000r\000a\000\040\000R\000I\000S\000C}{section.6.3}% 107
\BOOKMARK [1][-]{section.6.4}{\376\377\000T\000i\000p\000i\000\040\000d\000i\000\040\000d\000a\000t\000i}{chapter.6}% 108
\BOOKMARK [1][-]{section.6.5}{\376\377\000T\000i\000p\000o\000l\000o\000g\000i\000e\000\040\000d\000i\000\040\000i\000s\000t\000r\000u\000z\000i\000o\000n\000i}{chapter.6}% 109
\BOOKMARK [1][-]{section.6.6}{\376\377\000F\000o\000r\000m\000a\000t\000o\000\040\000d\000e\000l\000l\000e\000\040\000i\000s\000t\000r\000u\000z\000i\000o\000n\000i}{chapter.6}% 110
\BOOKMARK [1][-]{section.6.7}{\376\377\000C\000o\000d\000i\000c\000e\000\040\000o\000p\000e\000r\000a\000t\000i\000v\000o\000\040\000e\000s\000t\000e\000n\000d\000i\000b\000i\000l\000e}{chapter.6}% 111
\BOOKMARK [1][-]{section.6.8}{\376\377\000I\000n\000d\000i\000r\000i\000z\000z\000a\000m\000e\000n\000t\000o}{chapter.6}% 112
\BOOKMARK [2][-]{subsection.6.8.1}{\376\377\000I\000n\000d\000i\000r\000i\000z\000z\000a\000m\000e\000n\000t\000o\000\040\000i\000m\000m\000e\000d\000i\000a\000t\000o}{section.6.8}% 113
\BOOKMARK [2][-]{subsection.6.8.2}{\376\377\000I\000n\000d\000i\000r\000i\000z\000z\000a\000m\000e\000n\000t\000o\000\040\000d\000i\000r\000e\000t\000t\000o}{section.6.8}% 114
\BOOKMARK [2][-]{subsection.6.8.3}{\376\377\000I\000n\000d\000i\000r\000i\000z\000z\000a\000m\000e\000n\000t\000o\000\040\000a\000\040\000r\000e\000g\000i\000s\000t\000r\000o}{section.6.8}% 115
\BOOKMARK [2][-]{subsection.6.8.4}{\376\377\000I\000n\000d\000i\000r\000i\000z\000z\000a\000m\000e\000n\000t\000o\000\040\000a\000\040\000r\000e\000g\000i\000s\000t\000r\000o\000\040\000i\000n\000d\000i\000r\000e\000t\000t\000o}{section.6.8}% 116
\BOOKMARK [2][-]{subsection.6.8.5}{\376\377\000I\000n\000d\000i\000r\000i\000z\000z\000a\000m\000e\000n\000t\000o\000\040\000i\000n\000d\000i\000c\000i\000z\000z\000a\000t\000o}{section.6.8}% 117
\BOOKMARK [2][-]{subsection.6.8.6}{\376\377\000I\000n\000d\000i\000r\000i\000z\000z\000a\000m\000e\000n\000t\000o\000\040\000i\000n\000d\000i\000c\000i\000z\000z\000a\000t\000o\000\040\000e\000s\000t\000e\000s\000o}{section.6.8}% 118
\BOOKMARK [2][-]{subsection.6.8.7}{\376\377\000I\000n\000d\000i\000r\000i\000z\000z\000a\000m\000e\000n\000t\000o\000\040\000a\000\040\000s\000t\000a\000c\000k}{section.6.8}% 119
\BOOKMARK [2][-]{subsection.6.8.8}{\376\377\000N\000o\000t\000a\000z\000i\000o\000n\000e\000\040\000p\000o\000l\000a\000c\000c\000a\000\040\000i\000n\000v\000e\000r\000s\000a}{section.6.8}% 120
\BOOKMARK [2][-]{subsection.6.8.9}{\376\377\000M\000o\000d\000a\000l\000i\000t\000\340\000\040\000d\000i\000\040\000i\000n\000d\000i\000r\000i\000z\000z\000a\000m\000e\000n\000t\000o\000\040\000p\000e\000r\000\040\000l\000e\000\040\000i\000s\000t\000r\000u\000z\000i\000o\000n\000i\000\040\000d\000i\000\040\000s\000a\000l\000t\000o}{section.6.8}% 121
\BOOKMARK [1][-]{section.6.9}{\376\377\000C\000o\000n\000t\000r\000o\000l\000l\000o\000\040\000d\000e\000l\000\040\000f\000l\000u\000s\000s\000o}{chapter.6}% 122
\BOOKMARK [2][-]{subsection.6.9.1}{\376\377\000P\000r\000o\000c\000e\000d\000u\000r\000e}{section.6.9}% 123
\BOOKMARK [1][-]{section.6.10}{\376\377\000C\000o\000r\000o\000u\000t\000i\000n\000e}{chapter.6}% 124
\BOOKMARK [1][-]{section.6.11}{\376\377\000T\000r\000a\000p}{chapter.6}% 125
\BOOKMARK [2][-]{subsection.6.11.1}{\376\377\000I\000n\000t\000e\000r\000r\000u\000p\000t}{section.6.11}% 126
\BOOKMARK [0][-]{chapter.7}{\376\377\000E\000s\000e\000r\000c\000i\000z\000i\000\040\000d\000i\000\040\000a\000l\000g\000e\000b\000r\000a\000\040\000B\000o\000o\000l\000e\000a\000n\000a}{}% 127
