This is pdfTeX, Version 3.141592653-2.6-1.40.27 (MiKTeX 25.3) (preloaded format=pdflatex 2025.3.20)  26 OCT 2025 11:04
entering extended mode
 restricted \write18 enabled.
 %&-line parsing enabled.
**./appunti_latex.tex
(appunti_latex.tex
LaTeX2e <2024-11-01> patch level 2
L3 programming layer <2025-01-18>
(C:\Users\carel\AppData\Local\Programs\MiKTeX\tex/latex/base\report.cls
Document Class: report 2024/06/29 v1.4n Standard LaTeX document class
(C:\Users\carel\AppData\Local\Programs\MiKTeX\tex/latex/base\size12.clo
File: size12.clo 2024/06/29 v1.4n Standard LaTeX file (size option)
)
\c@part=\count196
\c@chapter=\count197
\c@section=\count198
\c@subsection=\count199
\c@subsubsection=\count266
\c@paragraph=\count267
\c@subparagraph=\count268
\c@figure=\count269
\c@table=\count270
\abovecaptionskip=\skip49
\belowcaptionskip=\skip50
\bibindent=\dimen141
)
(C:\Users\carel\AppData\Local\Programs\MiKTeX\tex/generic/babel\babel.sty
Package: babel 2025/02/14 v25.4 The multilingual framework for pdfLaTeX, LuaLaT
eX and XeLaTeX
\babel@savecnt=\count271
\U@D=\dimen142
\l@unhyphenated=\language79

(C:\Users\carel\AppData\Local\Programs\MiKTeX\tex/generic/babel\txtbabel.def)
\bbl@readstream=\read2
\bbl@dirlevel=\count272

*************************************
* Local config file bblopts.cfg used
*
(C:\Users\carel\AppData\Local\Programs\MiKTeX\tex/latex/arabi\bblopts.cfg
File: bblopts.cfg 2005/09/08 v0.1 add Arabic and Farsi to "declared" options of
 babel
)
(C:\Users\carel\AppData\Local\Programs\MiKTeX\tex/latex/babel-italian\italian.l
df
Language: italian 2024/10/10 v.1.5.01 Italian support for the babel system
\it@lettering=\count273
\it@doublequoteactive=\count274
\it@ISOcompliance=\count275
))
(C:\Users\carel\AppData\Local\Programs\MiKTeX\tex/generic/babel/locale/it\babel
-italian.tex
Package babel Info: Importing font and identification data for italian
(babel)             from babel-it.ini. Reported on input line 11.
)
(C:\Users\carel\AppData\Local\Programs\MiKTeX\tex/latex/etoolbox\etoolbox.sty
Package: etoolbox 2025/02/11 v2.5l e-TeX tools for LaTeX (JAW)
\etb@tempcnta=\count276
)
(C:\Users\carel\AppData\Local\Programs\MiKTeX\tex/latex/amsmath\amsmath.sty
Package: amsmath 2024/11/05 v2.17t AMS math features
\@mathmargin=\skip51

For additional information on amsmath, use the `?' option.
(C:\Users\carel\AppData\Local\Programs\MiKTeX\tex/latex/amsmath\amstext.sty
Package: amstext 2021/08/26 v2.01 AMS text

(C:\Users\carel\AppData\Local\Programs\MiKTeX\tex/latex/amsmath\amsgen.sty
File: amsgen.sty 1999/11/30 v2.0 generic functions
\@emptytoks=\toks17
\ex@=\dimen143
))
(C:\Users\carel\AppData\Local\Programs\MiKTeX\tex/latex/amsmath\amsbsy.sty
Package: amsbsy 1999/11/29 v1.2d Bold Symbols
\pmbraise@=\dimen144
)
(C:\Users\carel\AppData\Local\Programs\MiKTeX\tex/latex/amsmath\amsopn.sty
Package: amsopn 2022/04/08 v2.04 operator names
)
\inf@bad=\count277
LaTeX Info: Redefining \frac on input line 233.
\uproot@=\count278
\leftroot@=\count279
LaTeX Info: Redefining \overline on input line 398.
LaTeX Info: Redefining \colon on input line 409.
\classnum@=\count280
\DOTSCASE@=\count281
LaTeX Info: Redefining \ldots on input line 495.
LaTeX Info: Redefining \dots on input line 498.
LaTeX Info: Redefining \cdots on input line 619.
\Mathstrutbox@=\box52
\strutbox@=\box53
LaTeX Info: Redefining \big on input line 721.
LaTeX Info: Redefining \Big on input line 722.
LaTeX Info: Redefining \bigg on input line 723.
LaTeX Info: Redefining \Bigg on input line 724.
\big@size=\dimen145
LaTeX Font Info:    Redeclaring font encoding OML on input line 742.
LaTeX Font Info:    Redeclaring font encoding OMS on input line 743.
\macc@depth=\count282
LaTeX Info: Redefining \bmod on input line 904.
LaTeX Info: Redefining \pmod on input line 909.
LaTeX Info: Redefining \smash on input line 939.
LaTeX Info: Redefining \relbar on input line 969.
LaTeX Info: Redefining \Relbar on input line 970.
\c@MaxMatrixCols=\count283
\dotsspace@=\muskip17
\c@parentequation=\count284
\dspbrk@lvl=\count285
\tag@help=\toks18
\row@=\count286
\column@=\count287
\maxfields@=\count288
\andhelp@=\toks19
\eqnshift@=\dimen146
\alignsep@=\dimen147
\tagshift@=\dimen148
\tagwidth@=\dimen149
\totwidth@=\dimen150
\lineht@=\dimen151
\@envbody=\toks20
\multlinegap=\skip52
\multlinetaggap=\skip53
\mathdisplay@stack=\toks21
LaTeX Info: Redefining \[ on input line 2953.
LaTeX Info: Redefining \] on input line 2954.
)
(C:\Users\carel\AppData\Local\Programs\MiKTeX\tex/latex/amscls\amsthm.sty
Package: amsthm 2020/05/29 v2.20.6
\thm@style=\toks22
\thm@bodyfont=\toks23
\thm@headfont=\toks24
\thm@notefont=\toks25
\thm@headpunct=\toks26
\thm@preskip=\skip54
\thm@postskip=\skip55
\thm@headsep=\skip56
\dth@everypar=\toks27
)
(C:\Users\carel\AppData\Local\Programs\MiKTeX\tex/latex/tcolorbox\tcolorbox.sty
Package: tcolorbox 2024/10/22 version 6.4.1 text color boxes

(C:\Users\carel\AppData\Local\Programs\MiKTeX\tex/latex/pgf/frontendlayer\tikz.
sty
(C:\Users\carel\AppData\Local\Programs\MiKTeX\tex/latex/pgf/basiclayer\pgf.sty
(C:\Users\carel\AppData\Local\Programs\MiKTeX\tex/latex/pgf/utilities\pgfrcs.st
y
(C:\Users\carel\AppData\Local\Programs\MiKTeX\tex/generic/pgf/utilities\pgfutil
-common.tex
\pgfutil@everybye=\toks28
\pgfutil@tempdima=\dimen152
\pgfutil@tempdimb=\dimen153
)
(C:\Users\carel\AppData\Local\Programs\MiKTeX\tex/generic/pgf/utilities\pgfutil
-latex.def
\pgfutil@abb=\box54
)
(C:\Users\carel\AppData\Local\Programs\MiKTeX\tex/generic/pgf/utilities\pgfrcs.
code.tex
(C:\Users\carel\AppData\Local\Programs\MiKTeX\tex/generic/pgf\pgf.revision.tex)
Package: pgfrcs 2023-01-15 v3.1.10 (3.1.10)
))
Package: pgf 2023-01-15 v3.1.10 (3.1.10)

(C:\Users\carel\AppData\Local\Programs\MiKTeX\tex/latex/pgf/basiclayer\pgfcore.
sty
(C:\Users\carel\AppData\Local\Programs\MiKTeX\tex/latex/graphics\graphicx.sty
Package: graphicx 2021/09/16 v1.2d Enhanced LaTeX Graphics (DPC,SPQR)

(C:\Users\carel\AppData\Local\Programs\MiKTeX\tex/latex/graphics\keyval.sty
Package: keyval 2022/05/29 v1.15 key=value parser (DPC)
\KV@toks@=\toks29
)
(C:\Users\carel\AppData\Local\Programs\MiKTeX\tex/latex/graphics\graphics.sty
Package: graphics 2024/08/06 v1.4g Standard LaTeX Graphics (DPC,SPQR)

(C:\Users\carel\AppData\Local\Programs\MiKTeX\tex/latex/graphics\trig.sty
Package: trig 2023/12/02 v1.11 sin cos tan (DPC)
)
(C:\Users\carel\AppData\Local\Programs\MiKTeX\tex/latex/graphics-cfg\graphics.c
fg
File: graphics.cfg 2016/06/04 v1.11 sample graphics configuration
)
Package graphics Info: Driver file: pdftex.def on input line 106.

(C:\Users\carel\AppData\Local\Programs\MiKTeX\tex/latex/graphics-def\pdftex.def
File: pdftex.def 2024/04/13 v1.2c Graphics/color driver for pdftex
))
\Gin@req@height=\dimen154
\Gin@req@width=\dimen155
)
(C:\Users\carel\AppData\Local\Programs\MiKTeX\tex/latex/pgf/systemlayer\pgfsys.
sty
(C:\Users\carel\AppData\Local\Programs\MiKTeX\tex/generic/pgf/systemlayer\pgfsy
s.code.tex
Package: pgfsys 2023-01-15 v3.1.10 (3.1.10)

(C:\Users\carel\AppData\Local\Programs\MiKTeX\tex/generic/pgf/utilities\pgfkeys
.code.tex
\pgfkeys@pathtoks=\toks30
\pgfkeys@temptoks=\toks31

(C:\Users\carel\AppData\Local\Programs\MiKTeX\tex/generic/pgf/utilities\pgfkeys
libraryfiltered.code.tex
\pgfkeys@tmptoks=\toks32
))
\pgf@x=\dimen156
\pgf@y=\dimen157
\pgf@xa=\dimen158
\pgf@ya=\dimen159
\pgf@xb=\dimen160
\pgf@yb=\dimen161
\pgf@xc=\dimen162
\pgf@yc=\dimen163
\pgf@xd=\dimen164
\pgf@yd=\dimen165
\w@pgf@writea=\write3
\r@pgf@reada=\read3
\c@pgf@counta=\count289
\c@pgf@countb=\count290
\c@pgf@countc=\count291
\c@pgf@countd=\count292
\t@pgf@toka=\toks33
\t@pgf@tokb=\toks34
\t@pgf@tokc=\toks35
\pgf@sys@id@count=\count293

(C:\Users\carel\AppData\Local\Programs\MiKTeX\tex/generic/pgf/systemlayer\pgf.c
fg
File: pgf.cfg 2023-01-15 v3.1.10 (3.1.10)
)
Driver file for pgf: pgfsys-pdftex.def

(C:\Users\carel\AppData\Local\Programs\MiKTeX\tex/generic/pgf/systemlayer\pgfsy
s-pdftex.def
File: pgfsys-pdftex.def 2023-01-15 v3.1.10 (3.1.10)

(C:\Users\carel\AppData\Local\Programs\MiKTeX\tex/generic/pgf/systemlayer\pgfsy
s-common-pdf.def
File: pgfsys-common-pdf.def 2023-01-15 v3.1.10 (3.1.10)
)))
(C:\Users\carel\AppData\Local\Programs\MiKTeX\tex/generic/pgf/systemlayer\pgfsy
ssoftpath.code.tex
File: pgfsyssoftpath.code.tex 2023-01-15 v3.1.10 (3.1.10)
\pgfsyssoftpath@smallbuffer@items=\count294
\pgfsyssoftpath@bigbuffer@items=\count295
)
(C:\Users\carel\AppData\Local\Programs\MiKTeX\tex/generic/pgf/systemlayer\pgfsy
sprotocol.code.tex
File: pgfsysprotocol.code.tex 2023-01-15 v3.1.10 (3.1.10)
))
(C:\Users\carel\AppData\Local\Programs\MiKTeX\tex/latex/xcolor\xcolor.sty
Package: xcolor 2024/09/29 v3.02 LaTeX color extensions (UK)

(C:\Users\carel\AppData\Local\Programs\MiKTeX\tex/latex/graphics-cfg\color.cfg
File: color.cfg 2016/01/02 v1.6 sample color configuration
)
Package xcolor Info: Driver file: pdftex.def on input line 274.
(C:\Users\carel\AppData\Local\Programs\MiKTeX\tex/latex/graphics\mathcolor.ltx)
Package xcolor Info: Model `cmy' substituted by `cmy0' on input line 1349.
Package xcolor Info: Model `hsb' substituted by `rgb' on input line 1353.
Package xcolor Info: Model `RGB' extended on input line 1365.
Package xcolor Info: Model `HTML' substituted by `rgb' on input line 1367.
Package xcolor Info: Model `Hsb' substituted by `hsb' on input line 1368.
Package xcolor Info: Model `tHsb' substituted by `hsb' on input line 1369.
Package xcolor Info: Model `HSB' substituted by `hsb' on input line 1370.
Package xcolor Info: Model `Gray' substituted by `gray' on input line 1371.
Package xcolor Info: Model `wave' substituted by `hsb' on input line 1372.
)
(C:\Users\carel\AppData\Local\Programs\MiKTeX\tex/generic/pgf/basiclayer\pgfcor
e.code.tex
Package: pgfcore 2023-01-15 v3.1.10 (3.1.10)

(C:\Users\carel\AppData\Local\Programs\MiKTeX\tex/generic/pgf/math\pgfmath.code
.tex
(C:\Users\carel\AppData\Local\Programs\MiKTeX\tex/generic/pgf/math\pgfmathutil.
code.tex)
(C:\Users\carel\AppData\Local\Programs\MiKTeX\tex/generic/pgf/math\pgfmathparse
r.code.tex
\pgfmath@dimen=\dimen166
\pgfmath@count=\count296
\pgfmath@box=\box55
\pgfmath@toks=\toks36
\pgfmath@stack@operand=\toks37
\pgfmath@stack@operation=\toks38
)
(C:\Users\carel\AppData\Local\Programs\MiKTeX\tex/generic/pgf/math\pgfmathfunct
ions.code.tex)
(C:\Users\carel\AppData\Local\Programs\MiKTeX\tex/generic/pgf/math\pgfmathfunct
ions.basic.code.tex)
(C:\Users\carel\AppData\Local\Programs\MiKTeX\tex/generic/pgf/math\pgfmathfunct
ions.trigonometric.code.tex)
(C:\Users\carel\AppData\Local\Programs\MiKTeX\tex/generic/pgf/math\pgfmathfunct
ions.random.code.tex)
(C:\Users\carel\AppData\Local\Programs\MiKTeX\tex/generic/pgf/math\pgfmathfunct
ions.comparison.code.tex)
(C:\Users\carel\AppData\Local\Programs\MiKTeX\tex/generic/pgf/math\pgfmathfunct
ions.base.code.tex)
(C:\Users\carel\AppData\Local\Programs\MiKTeX\tex/generic/pgf/math\pgfmathfunct
ions.round.code.tex)
(C:\Users\carel\AppData\Local\Programs\MiKTeX\tex/generic/pgf/math\pgfmathfunct
ions.misc.code.tex)
(C:\Users\carel\AppData\Local\Programs\MiKTeX\tex/generic/pgf/math\pgfmathfunct
ions.integerarithmetics.code.tex)
(C:\Users\carel\AppData\Local\Programs\MiKTeX\tex/generic/pgf/math\pgfmathcalc.
code.tex)
(C:\Users\carel\AppData\Local\Programs\MiKTeX\tex/generic/pgf/math\pgfmathfloat
.code.tex
\c@pgfmathroundto@lastzeros=\count297
))
(C:\Users\carel\AppData\Local\Programs\MiKTeX\tex/generic/pgf/math\pgfint.code.
tex)
(C:\Users\carel\AppData\Local\Programs\MiKTeX\tex/generic/pgf/basiclayer\pgfcor
epoints.code.tex
File: pgfcorepoints.code.tex 2023-01-15 v3.1.10 (3.1.10)
\pgf@picminx=\dimen167
\pgf@picmaxx=\dimen168
\pgf@picminy=\dimen169
\pgf@picmaxy=\dimen170
\pgf@pathminx=\dimen171
\pgf@pathmaxx=\dimen172
\pgf@pathminy=\dimen173
\pgf@pathmaxy=\dimen174
\pgf@xx=\dimen175
\pgf@xy=\dimen176
\pgf@yx=\dimen177
\pgf@yy=\dimen178
\pgf@zx=\dimen179
\pgf@zy=\dimen180
)
(C:\Users\carel\AppData\Local\Programs\MiKTeX\tex/generic/pgf/basiclayer\pgfcor
epathconstruct.code.tex
File: pgfcorepathconstruct.code.tex 2023-01-15 v3.1.10 (3.1.10)
\pgf@path@lastx=\dimen181
\pgf@path@lasty=\dimen182
)
(C:\Users\carel\AppData\Local\Programs\MiKTeX\tex/generic/pgf/basiclayer\pgfcor
epathusage.code.tex
File: pgfcorepathusage.code.tex 2023-01-15 v3.1.10 (3.1.10)
\pgf@shorten@end@additional=\dimen183
\pgf@shorten@start@additional=\dimen184
)
(C:\Users\carel\AppData\Local\Programs\MiKTeX\tex/generic/pgf/basiclayer\pgfcor
escopes.code.tex
File: pgfcorescopes.code.tex 2023-01-15 v3.1.10 (3.1.10)
\pgfpic=\box56
\pgf@hbox=\box57
\pgf@layerbox@main=\box58
\pgf@picture@serial@count=\count298
)
(C:\Users\carel\AppData\Local\Programs\MiKTeX\tex/generic/pgf/basiclayer\pgfcor
egraphicstate.code.tex
File: pgfcoregraphicstate.code.tex 2023-01-15 v3.1.10 (3.1.10)
\pgflinewidth=\dimen185
)
(C:\Users\carel\AppData\Local\Programs\MiKTeX\tex/generic/pgf/basiclayer\pgfcor
etransformations.code.tex
File: pgfcoretransformations.code.tex 2023-01-15 v3.1.10 (3.1.10)
\pgf@pt@x=\dimen186
\pgf@pt@y=\dimen187
\pgf@pt@temp=\dimen188
)
(C:\Users\carel\AppData\Local\Programs\MiKTeX\tex/generic/pgf/basiclayer\pgfcor
equick.code.tex
File: pgfcorequick.code.tex 2023-01-15 v3.1.10 (3.1.10)
)
(C:\Users\carel\AppData\Local\Programs\MiKTeX\tex/generic/pgf/basiclayer\pgfcor
eobjects.code.tex
File: pgfcoreobjects.code.tex 2023-01-15 v3.1.10 (3.1.10)
)
(C:\Users\carel\AppData\Local\Programs\MiKTeX\tex/generic/pgf/basiclayer\pgfcor
epathprocessing.code.tex
File: pgfcorepathprocessing.code.tex 2023-01-15 v3.1.10 (3.1.10)
)
(C:\Users\carel\AppData\Local\Programs\MiKTeX\tex/generic/pgf/basiclayer\pgfcor
earrows.code.tex
File: pgfcorearrows.code.tex 2023-01-15 v3.1.10 (3.1.10)
\pgfarrowsep=\dimen189
)
(C:\Users\carel\AppData\Local\Programs\MiKTeX\tex/generic/pgf/basiclayer\pgfcor
eshade.code.tex
File: pgfcoreshade.code.tex 2023-01-15 v3.1.10 (3.1.10)
\pgf@max=\dimen190
\pgf@sys@shading@range@num=\count299
\pgf@shadingcount=\count300
)
(C:\Users\carel\AppData\Local\Programs\MiKTeX\tex/generic/pgf/basiclayer\pgfcor
eimage.code.tex
File: pgfcoreimage.code.tex 2023-01-15 v3.1.10 (3.1.10)
)
(C:\Users\carel\AppData\Local\Programs\MiKTeX\tex/generic/pgf/basiclayer\pgfcor
eexternal.code.tex
File: pgfcoreexternal.code.tex 2023-01-15 v3.1.10 (3.1.10)
\pgfexternal@startupbox=\box59
)
(C:\Users\carel\AppData\Local\Programs\MiKTeX\tex/generic/pgf/basiclayer\pgfcor
elayers.code.tex
File: pgfcorelayers.code.tex 2023-01-15 v3.1.10 (3.1.10)
)
(C:\Users\carel\AppData\Local\Programs\MiKTeX\tex/generic/pgf/basiclayer\pgfcor
etransparency.code.tex
File: pgfcoretransparency.code.tex 2023-01-15 v3.1.10 (3.1.10)
)
(C:\Users\carel\AppData\Local\Programs\MiKTeX\tex/generic/pgf/basiclayer\pgfcor
epatterns.code.tex
File: pgfcorepatterns.code.tex 2023-01-15 v3.1.10 (3.1.10)
)
(C:\Users\carel\AppData\Local\Programs\MiKTeX\tex/generic/pgf/basiclayer\pgfcor
erdf.code.tex
File: pgfcorerdf.code.tex 2023-01-15 v3.1.10 (3.1.10)
)))
(C:\Users\carel\AppData\Local\Programs\MiKTeX\tex/generic/pgf/modules\pgfmodule
shapes.code.tex
File: pgfmoduleshapes.code.tex 2023-01-15 v3.1.10 (3.1.10)
\pgfnodeparttextbox=\box60
)
(C:\Users\carel\AppData\Local\Programs\MiKTeX\tex/generic/pgf/modules\pgfmodule
plot.code.tex
File: pgfmoduleplot.code.tex 2023-01-15 v3.1.10 (3.1.10)
)
(C:\Users\carel\AppData\Local\Programs\MiKTeX\tex/latex/pgf/compatibility\pgfco
mp-version-0-65.sty
Package: pgfcomp-version-0-65 2023-01-15 v3.1.10 (3.1.10)
\pgf@nodesepstart=\dimen191
\pgf@nodesepend=\dimen192
)
(C:\Users\carel\AppData\Local\Programs\MiKTeX\tex/latex/pgf/compatibility\pgfco
mp-version-1-18.sty
Package: pgfcomp-version-1-18 2023-01-15 v3.1.10 (3.1.10)
))
(C:\Users\carel\AppData\Local\Programs\MiKTeX\tex/latex/pgf/utilities\pgffor.st
y
(C:\Users\carel\AppData\Local\Programs\MiKTeX\tex/latex/pgf/utilities\pgfkeys.s
ty
(C:\Users\carel\AppData\Local\Programs\MiKTeX\tex/generic/pgf/utilities\pgfkeys
.code.tex))
(C:\Users\carel\AppData\Local\Programs\MiKTeX\tex/latex/pgf/math\pgfmath.sty
(C:\Users\carel\AppData\Local\Programs\MiKTeX\tex/generic/pgf/math\pgfmath.code
.tex))
(C:\Users\carel\AppData\Local\Programs\MiKTeX\tex/generic/pgf/utilities\pgffor.
code.tex
Package: pgffor 2023-01-15 v3.1.10 (3.1.10)
\pgffor@iter=\dimen193
\pgffor@skip=\dimen194
\pgffor@stack=\toks39
\pgffor@toks=\toks40
))
(C:\Users\carel\AppData\Local\Programs\MiKTeX\tex/generic/pgf/frontendlayer/tik
z\tikz.code.tex
Package: tikz 2023-01-15 v3.1.10 (3.1.10)

(C:\Users\carel\AppData\Local\Programs\MiKTeX\tex/generic/pgf/libraries\pgflibr
aryplothandlers.code.tex
File: pgflibraryplothandlers.code.tex 2023-01-15 v3.1.10 (3.1.10)
\pgf@plot@mark@count=\count301
\pgfplotmarksize=\dimen195
)
\tikz@lastx=\dimen196
\tikz@lasty=\dimen197
\tikz@lastxsaved=\dimen198
\tikz@lastysaved=\dimen199
\tikz@lastmovetox=\dimen256
\tikz@lastmovetoy=\dimen257
\tikzleveldistance=\dimen258
\tikzsiblingdistance=\dimen259
\tikz@figbox=\box61
\tikz@figbox@bg=\box62
\tikz@tempbox=\box63
\tikz@tempbox@bg=\box64
\tikztreelevel=\count302
\tikznumberofchildren=\count303
\tikznumberofcurrentchild=\count304
\tikz@fig@count=\count305

(C:\Users\carel\AppData\Local\Programs\MiKTeX\tex/generic/pgf/modules\pgfmodule
matrix.code.tex
File: pgfmodulematrix.code.tex 2023-01-15 v3.1.10 (3.1.10)
\pgfmatrixcurrentrow=\count306
\pgfmatrixcurrentcolumn=\count307
\pgf@matrix@numberofcolumns=\count308
)
\tikz@expandcount=\count309

(C:\Users\carel\AppData\Local\Programs\MiKTeX\tex/generic/pgf/frontendlayer/tik
z/libraries\tikzlibrarytopaths.code.tex
File: tikzlibrarytopaths.code.tex 2023-01-15 v3.1.10 (3.1.10)
)))
(C:\Users\carel\AppData\Local\Programs\MiKTeX\tex/latex/tools\verbatim.sty
Package: verbatim 2024-01-22 v1.5x LaTeX2e package for verbatim enhancements
\every@verbatim=\toks41
\verbatim@line=\toks42
\verbatim@in@stream=\read4
)
(C:\Users\carel\AppData\Local\Programs\MiKTeX\tex/latex/environ\environ.sty
Package: environ 2014/05/04 v0.3 A new way to define environments

(C:\Users\carel\AppData\Local\Programs\MiKTeX\tex/latex/trimspaces\trimspaces.s
ty
Package: trimspaces 2009/09/17 v1.1 Trim spaces around a token list
))
\tcb@titlebox=\box65
\tcb@upperbox=\box66
\tcb@lowerbox=\box67
\tcb@phantombox=\box68
\c@tcbbreakpart=\count310
\c@tcblayer=\count311
\c@tcolorbox@number=\count312
\l__tcobox_tmpa_box=\box69
\l__tcobox_tmpa_dim=\dimen260
\tcb@temp=\box70
\tcb@temp=\box71
\tcb@temp=\box72
\tcb@temp=\box73

(C:\Users\carel\AppData\Local\Programs\MiKTeX\tex/latex/tcolorbox\tcbraster.cod
e.tex
Library (tcolorbox): 'tcbraster.code.tex' version '6.4.1'
\c@tcbrastercolumn=\count313
\c@tcbrasterrow=\count314
\c@tcbrasternum=\count315
\c@tcbraster=\count316
)
(C:\Users\carel\AppData\Local\Programs\MiKTeX\tex/latex/tcolorbox\tcbskins.code
.tex
Library (tcolorbox): 'tcbskins.code.tex' version '6.4.1'

(C:\Users\carel\AppData\Local\Programs\MiKTeX\tex/latex/tikzfill\tikzfill.image
.sty
Package: tikzfill.image 2023/08/08 v1.0.1 Image filling library for TikZ

(C:\Users\carel\AppData\Local\Programs\MiKTeX\tex/latex/tikzfill\tikzfill-commo
n.sty
Package: tikzfill-common 2023/08/08 v1.0.1 Auxiliary code for tikzfill
)
(C:\Users\carel\AppData\Local\Programs\MiKTeX\tex/latex/tikzfill\tikzlibraryfil
l.image.code.tex
File: tikzlibraryfill.image.code.tex 2023/08/08 v1.0.1 Image filling library
\l__tikzfill_img_box=\box74
))
(C:\Users\carel\AppData\Local\Programs\MiKTeX\tex/latex/tcolorbox\tcbskinsjigsa
w.code.tex
Library (tcolorbox): 'tcbskinsjigsaw.code.tex' version '6.4.1'
))
(C:\Users\carel\AppData\Local\Programs\MiKTeX\tex/latex/tcolorbox\tcbbreakable.
code.tex
Library (tcolorbox): 'tcbbreakable.code.tex' version '6.4.1'
(C:\Users\carel\AppData\Local\Programs\MiKTeX\tex/latex/pdfcol\pdfcol.sty
Package: pdfcol 2022-09-21 v1.7 Handle new color stacks for pdfTeX (HO)

(C:\Users\carel\AppData\Local\Programs\MiKTeX\tex/generic/ltxcmds\ltxcmds.sty
Package: ltxcmds 2023-12-04 v1.26 LaTeX kernel commands for general use (HO)
)
(C:\Users\carel\AppData\Local\Programs\MiKTeX\tex/generic/infwarerr\infwarerr.s
ty
Package: infwarerr 2019/12/03 v1.5 Providing info/warning/error messages (HO)
) (C:\Users\carel\AppData\Local\Programs\MiKTeX\tex/generic/iftex\iftex.sty
Package: iftex 2024/12/12 v1.0g TeX engine tests
))
Package pdfcol Info: New color stack `tcb@breakable' = 1 on input line 23.
\tcb@testbox=\box75
\tcb@totalupperbox=\box76
\tcb@totallowerbox=\box77
)
(C:\Users\carel\AppData\Local\Programs\MiKTeX\tex/latex/tcolorbox\tcbhooks.code
.tex
Library (tcolorbox): 'tcbhooks.code.tex' version '6.4.1'
)
(C:\Users\carel\AppData\Local\Programs\MiKTeX\tex/latex/tcolorbox\tcbtheorems.c
ode.tex
Library (tcolorbox): 'tcbtheorems.code.tex' version '6.4.1'
)
(C:\Users\carel\AppData\Local\Programs\MiKTeX\tex/latex/tcolorbox\tcbfitting.co
de.tex
Library (tcolorbox): 'tcbfitting.code.tex' version '6.4.1'
\tcbfitdim=\dimen261
\tcb@lowerfitdim=\dimen262
\tcb@upperfitdim=\dimen263
\tcb@cur@hbadness=\count317
)
(C:\Users\carel\AppData\Local\Programs\MiKTeX\tex/latex/tcolorbox\tcblistingsut
f8.code.tex
Library (tcolorbox): 'tcblistingsutf8.code.tex' version '6.4.1'

(C:\Users\carel\AppData\Local\Programs\MiKTeX\tex/latex/tcolorbox\tcblistings.c
ode.tex
Library (tcolorbox): 'tcblistings.code.tex' version '6.4.1'
(C:\Users\carel\AppData\Local\Programs\MiKTeX\tex/latex/listings\listings.sty
\lst@mode=\count318
\lst@gtempboxa=\box78
\lst@token=\toks43
\lst@length=\count319
\lst@currlwidth=\dimen264
\lst@column=\count320
\lst@pos=\count321
\lst@lostspace=\dimen265
\lst@width=\dimen266
\lst@newlines=\count322
\lst@lineno=\count323
\lst@maxwidth=\dimen267

(C:\Users\carel\AppData\Local\Programs\MiKTeX\tex/latex/listings\lstpatch.sty
File: lstpatch.sty 2024/09/23 1.10c (Carsten Heinz)
)
(C:\Users\carel\AppData\Local\Programs\MiKTeX\tex/latex/listings\lstmisc.sty
File: lstmisc.sty 2024/09/23 1.10c (Carsten Heinz)
\c@lstnumber=\count324
\lst@skipnumbers=\count325
\lst@framebox=\box79
)
(C:\Users\carel\AppData\Local\Programs\MiKTeX\tex/latex/listings\listings.cfg
File: listings.cfg 2024/09/23 1.10c listings configuration
))
Package: listings 2024/09/23 1.10c (Carsten Heinz)

(C:\Users\carel\AppData\Local\Programs\MiKTeX\tex/latex/tcolorbox\tcblistingsco
re.code.tex
Library (tcolorbox): 'tcblistingscore.code.tex' version '6.4.1'

(C:\Users\carel\AppData\Local\Programs\MiKTeX\tex/latex/tcolorbox\tcbprocessing
.code.tex
Library (tcolorbox): 'tcbprocessing.code.tex' version '6.4.1'
)
\c@tcblisting=\count326
))
(C:\Users\carel\AppData\Local\Programs\MiKTeX\tex/latex/listingsutf8\listingsut
f8.sty
Package: listingsutf8 2019-12-10 v1.5 Allow UTF-8 in listings input (HO)

(C:\Users\carel\AppData\Local\Programs\MiKTeX\tex/generic/pdftexcmds\pdftexcmds
.sty
Package: pdftexcmds 2020-06-27 v0.33 Utility functions of pdfTeX for LuaTeX (HO
)
Package pdftexcmds Info: \pdf@primitive is available.
Package pdftexcmds Info: \pdf@ifprimitive is available.
Package pdftexcmds Info: \pdfdraftmode found.
)
(C:\Users\carel\AppData\Local\Programs\MiKTeX\tex/generic/stringenc\stringenc.s
ty
Package: stringenc 2019/11/29 v1.12 Convert strings between diff. encodings (HO
)

(C:\Users\carel\AppData\Local\Programs\MiKTeX\tex/generic/pdfescape\pdfescape.s
ty
Package: pdfescape 2019/12/09 v1.15 Implements pdfTeX's escape features (HO)
))))
(C:\Users\carel\AppData\Local\Programs\MiKTeX\tex/latex/tcolorbox\tcbexternal.c
ode.tex
Library (tcolorbox): 'tcbexternal.code.tex' version '6.4.1'
)
(C:\Users\carel\AppData\Local\Programs\MiKTeX\tex/latex/tcolorbox\tcbmagazine.c
ode.tex
Library (tcolorbox): 'tcbmagazine.code.tex' version '6.4.1'
)
(C:\Users\carel\AppData\Local\Programs\MiKTeX\tex/latex/tcolorbox\tcbvignette.c
ode.tex
Library (tcolorbox): 'tcbvignette.code.tex' version '6.4.1'

(C:\Users\carel\AppData\Local\Programs\MiKTeX\tex/generic/pgf/frontendlayer/tik
z/libraries\tikzlibraryfadings.code.tex
File: tikzlibraryfadings.code.tex 2023-01-15 v3.1.10 (3.1.10)

(C:\Users\carel\AppData\Local\Programs\MiKTeX\tex/generic/pgf/libraries\pgflibr
aryfadings.code.tex
File: pgflibraryfadings.code.tex 2023-01-15 v3.1.10 (3.1.10)
)))
(C:\Users\carel\AppData\Local\Programs\MiKTeX\tex/latex/tcolorbox\tcbposter.cod
e.tex
Library (tcolorbox): 'tcbposter.code.tex' version '6.4.1'
)) (C:\Users\carel\AppData\Local\Programs\MiKTeX\tex/latex/tools\tabularx.sty
Package: tabularx 2023/12/11 v2.12a `tabularx' package (DPC)

(C:\Users\carel\AppData\Local\Programs\MiKTeX\tex/latex/tools\array.sty
Package: array 2024/10/17 v2.6g Tabular extension package (FMi)
\col@sep=\dimen268
\ar@mcellbox=\box80
\extrarowheight=\dimen269
\NC@list=\toks44
\extratabsurround=\skip57
\backup@length=\skip58
\ar@cellbox=\box81
)
\TX@col@width=\dimen270
\TX@old@table=\dimen271
\TX@old@col=\dimen272
\TX@target=\dimen273
\TX@delta=\dimen274
\TX@cols=\count327
\TX@ftn=\toks45
)
(C:\Users\carel\AppData\Local\Programs\MiKTeX\tex/latex/amsfonts\amssymb.sty
Package: amssymb 2013/01/14 v3.01 AMS font symbols

(C:\Users\carel\AppData\Local\Programs\MiKTeX\tex/latex/amsfonts\amsfonts.sty
Package: amsfonts 2013/01/14 v3.01 Basic AMSFonts support
\symAMSa=\mathgroup4
\symAMSb=\mathgroup5
LaTeX Font Info:    Redeclaring math symbol \hbar on input line 98.
LaTeX Font Info:    Overwriting math alphabet `\mathfrak' in version `bold'
(Font)                  U/euf/m/n --> U/euf/b/n on input line 106.
)) (C:\Users\carel\AppData\Local\Programs\MiKTeX\tex/latex/enumitem\enumitem.st
y
Package: enumitem 2025/02/06 v3.11 Customized lists
\labelindent=\skip59
\enit@outerparindent=\dimen275
\enit@toks=\toks46
\enit@inbox=\box82
\enit@count@id=\count328
\enitdp@description=\count329
) (C:\Users\carel\AppData\Local\Programs\MiKTeX\tex/latex/oberdiek\centernot.st
y
Package: centernot 2016/05/16 v1.4 Centers the not symbol horizontally (HO)
) (C:\Users\carel\AppData\Local\Programs\MiKTeX\tex/latex/wrapfig\wrapfig.sty
\wrapoverhang=\dimen276
\WF@size=\dimen277
\c@WF@wrappedlines=\count330
\WF@box=\box83
\WF@everypar=\toks47
Package: wrapfig 2003/01/31  v 3.6
)
(C:\Users\carel\AppData\Local\Programs\MiKTeX\tex/latex/circuitikz\circuitikz.s
ty
Package: circuitikz 2025/07/08{} The CircuiTikz circuit drawing package version
 1.8.2

(C:\Users\carel\AppData\Local\Programs\MiKTeX\tex/generic/pgf/frontendlayer/tik
z/libraries\tikzlibrarycalc.code.tex
File: tikzlibrarycalc.code.tex 2023-01-15 v3.1.10 (3.1.10)
)
(C:\Users\carel\AppData\Local\Programs\MiKTeX\tex/generic/pgf/libraries\pgflibr
aryarrows.meta.code.tex
File: pgflibraryarrows.meta.code.tex 2023-01-15 v3.1.10 (3.1.10)
\pgfarrowinset=\dimen278
\pgfarrowlength=\dimen279
\pgfarrowwidth=\dimen280
\pgfarrowlinewidth=\dimen281
)
(C:\Users\carel\AppData\Local\Programs\MiKTeX\tex/generic/pgf/frontendlayer/tik
z/libraries\tikzlibrarybending.code.tex
File: tikzlibrarybending.code.tex 2023-01-15 v3.1.10 (3.1.10)

(C:\Users\carel\AppData\Local\Programs\MiKTeX\tex/generic/pgf/modules\pgfmodule
bending.code.tex
File: pgfmodulebending.code.tex 2023-01-15 v3.1.10 (3.1.10)

(C:\Users\carel\AppData\Local\Programs\MiKTeX\tex/generic/pgf/modules\pgfmodule
nonlineartransformations.code.tex
File: pgfmodulenonlineartransformations.code.tex 2023-01-15 v3.1.10 (3.1.10)
\pgftransformnonlinearflatness=\dimen282
)
(C:\Users\carel\AppData\Local\Programs\MiKTeX\tex/generic/pgf/libraries\pgflibr
arycurvilinear.code.tex
File: pgflibrarycurvilinear.code.tex 2023-01-15 v3.1.10 (3.1.10)
\pgf@curvilinear@time@a=\dimen283
\pgf@curvilinear@length@a=\dimen284
\pgf@curvilinear@length@b=\dimen285
\pgf@curvilinear@length@c=\dimen286
\pgf@curvilinear@length@d=\dimen287
)
\pgf@arrows@the@rigidity=\dimen288
))
(C:\Users\carel\AppData\Local\Programs\MiKTeX\tex/generic/pgf/frontendlayer/tik
z/libraries\tikzlibraryfpu.code.tex
(C:\Users\carel\AppData\Local\Programs\MiKTeX\tex/generic/pgf/libraries\pgflibr
aryfpu.code.tex))
(C:\Users\carel\AppData\Local\Programs\MiKTeX\tex/generic/circuitikz\pgfcirc.de
fines.tex
\pgf@circ@count@a=\count331
\pgf@circ@count@b=\count332
\pgf@circ@count@c=\count333
\pgf@circ@res@up=\dimen289
\pgf@circ@res@down=\dimen290
\pgf@circ@res@zero=\dimen291
\pgf@circ@res@left=\dimen292
\pgf@circ@res@right=\dimen293
\pgf@circ@res@other=\dimen294
\pgf@circ@res@step=\dimen295
\pgf@circ@res@temp=\dimen296
\pgf@circ@Rlen=\dimen297
\pgf@circ@scaled@Rlen=\dimen298
\pgfstartlinewidth=\dimen299
)
(C:\Users\carel\AppData\Local\Programs\MiKTeX\tex/generic/circuitikz\pgfcircuti
ls.tex
\ctikz@scratchbox=\box84
)
(C:\Users\carel\AppData\Local\Programs\MiKTeX\tex/generic/circuitikz\pgfcircpat
h.tex)
(C:\Users\carel\AppData\Local\Programs\MiKTeX\tex/generic/circuitikz\pgfcircsha
pes.tex)
(C:\Users\carel\AppData\Local\Programs\MiKTeX\tex/generic/circuitikz\pgfcircmon
opoles.tex)
(C:\Users\carel\AppData\Local\Programs\MiKTeX\tex/generic/circuitikz\pgfcircbip
oles.tex)
(C:\Users\carel\AppData\Local\Programs\MiKTeX\tex/generic/circuitikz\pgfcirctri
poles.tex
\pgf@circ@res@count=\count334
)
(C:\Users\carel\AppData\Local\Programs\MiKTeX\tex/generic/circuitikz\pgfcircqua
dpoles.tex)
(C:\Users\carel\AppData\Local\Programs\MiKTeX\tex/generic/circuitikz\pgfcircmul
tipoles.tex)
(C:\Users\carel\AppData\Local\Programs\MiKTeX\tex/generic/circuitikz\pgfcirclab
el.tex)
(C:\Users\carel\AppData\Local\Programs\MiKTeX\tex/generic/circuitikz\pgfcircvol
tage.tex
\pgfcirc@labelshift=\dimen300
)
(C:\Users\carel\AppData\Local\Programs\MiKTeX\tex/generic/circuitikz\pgfcirccur
rent.tex)
(C:\Users\carel\AppData\Local\Programs\MiKTeX\tex/generic/circuitikz\pgfcircflo
w.tex)) (C:\Users\carel\AppData\Local\Programs\MiKTeX\tex/latex/float\float.sty
Package: float 2001/11/08 v1.3d Float enhancements (AL)
\c@float@type=\count335
\float@exts=\toks48
\float@box=\box85
\@float@everytoks=\toks49
\@floatcapt=\box86
) (C:\Users\carel\AppData\Local\Programs\MiKTeX\tex/latex/multirow\multirow.sty
Package: multirow 2024/11/12 v2.9 Span multiple rows of a table
\multirow@colwidth=\skip60
\multirow@cntb=\count336
\multirow@dima=\skip61
\bigstrutjot=\dimen301
)
(C:\Users\carel\AppData\Local\Programs\MiKTeX\tex/latex/karnaugh-map\karnaugh-m
ap.sty
Package: karnaugh-map 2022/01/15 v2.0 Draw Karnaugh Maps

(C:\Users\carel\AppData\Local\Programs\MiKTeX\tex/latex/kvoptions\kvoptions.sty
Package: kvoptions 2022-06-15 v3.15 Key value format for package options (HO)

(C:\Users\carel\AppData\Local\Programs\MiKTeX\tex/latex/kvsetkeys\kvsetkeys.sty
Package: kvsetkeys 2022-10-05 v1.19 Key value parser (HO)
))
(C:\Users\carel\AppData\Local\Programs\MiKTeX\tex/latex/l3packages/xparse\xpars
e.sty
(C:\Users\carel\AppData\Local\Programs\MiKTeX\tex/latex/l3kernel\expl3.sty
Package: expl3 2025-01-18 L3 programming layer (loader) 

(C:\Users\carel\AppData\Local\Programs\MiKTeX\tex/latex/l3backend\l3backend-pdf
tex.def
File: l3backend-pdftex.def 2024-05-08 L3 backend support: PDF output (pdfTeX)
\l__color_backend_stack_int=\count337
\l__pdf_internal_box=\box87
))
Package: xparse 2024-08-16 L3 Experimental document command parser
)
(C:\Users\carel\AppData\Local\Programs\MiKTeX\tex/latex/xstring\xstring.sty
(C:\Users\carel\AppData\Local\Programs\MiKTeX\tex/generic/xstring\xstring.tex
\xs_counta=\count338
\xs_countb=\count339
)
Package: xstring 2023/08/22 v1.86 String manipulations (CT)
)
(C:\Users\carel\AppData\Local\Programs\MiKTeX\tex/generic/pgf/frontendlayer/tik
z/libraries\tikzlibrarymatrix.code.tex
File: tikzlibrarymatrix.code.tex 2023-01-15 v3.1.10 (3.1.10)
)
\@karnaughmap@var@colorindex@=\count340
\@karnaughmap@var@colorindexnext@=\count341
)
(C:\Users\carel\AppData\Local\Programs\MiKTeX\tex/latex/lm\lmodern.sty
Package: lmodern 2015/05/01 v1.6.1 Latin Modern Fonts
LaTeX Font Info:    Overwriting symbol font `operators' in version `normal'
(Font)                  OT1/cmr/m/n --> OT1/lmr/m/n on input line 22.
LaTeX Font Info:    Overwriting symbol font `letters' in version `normal'
(Font)                  OML/cmm/m/it --> OML/lmm/m/it on input line 23.
LaTeX Font Info:    Overwriting symbol font `symbols' in version `normal'
(Font)                  OMS/cmsy/m/n --> OMS/lmsy/m/n on input line 24.
LaTeX Font Info:    Overwriting symbol font `largesymbols' in version `normal'
(Font)                  OMX/cmex/m/n --> OMX/lmex/m/n on input line 25.
LaTeX Font Info:    Overwriting symbol font `operators' in version `bold'
(Font)                  OT1/cmr/bx/n --> OT1/lmr/bx/n on input line 26.
LaTeX Font Info:    Overwriting symbol font `letters' in version `bold'
(Font)                  OML/cmm/b/it --> OML/lmm/b/it on input line 27.
LaTeX Font Info:    Overwriting symbol font `symbols' in version `bold'
(Font)                  OMS/cmsy/b/n --> OMS/lmsy/b/n on input line 28.
LaTeX Font Info:    Overwriting symbol font `largesymbols' in version `bold'
(Font)                  OMX/cmex/m/n --> OMX/lmex/m/n on input line 29.
LaTeX Font Info:    Overwriting math alphabet `\mathbf' in version `normal'
(Font)                  OT1/cmr/bx/n --> OT1/lmr/bx/n on input line 31.
LaTeX Font Info:    Overwriting math alphabet `\mathsf' in version `normal'
(Font)                  OT1/cmss/m/n --> OT1/lmss/m/n on input line 32.
LaTeX Font Info:    Overwriting math alphabet `\mathit' in version `normal'
(Font)                  OT1/cmr/m/it --> OT1/lmr/m/it on input line 33.
LaTeX Font Info:    Overwriting math alphabet `\mathtt' in version `normal'
(Font)                  OT1/cmtt/m/n --> OT1/lmtt/m/n on input line 34.
LaTeX Font Info:    Overwriting math alphabet `\mathbf' in version `bold'
(Font)                  OT1/cmr/bx/n --> OT1/lmr/bx/n on input line 35.
LaTeX Font Info:    Overwriting math alphabet `\mathsf' in version `bold'
(Font)                  OT1/cmss/bx/n --> OT1/lmss/bx/n on input line 36.
LaTeX Font Info:    Overwriting math alphabet `\mathit' in version `bold'
(Font)                  OT1/cmr/bx/it --> OT1/lmr/bx/it on input line 37.
LaTeX Font Info:    Overwriting math alphabet `\mathtt' in version `bold'
(Font)                  OT1/cmtt/m/n --> OT1/lmtt/m/n on input line 38.
)
(C:\Users\carel\AppData\Local\Programs\MiKTeX\tex/latex/hyperref\hyperref.sty
Package: hyperref 2024-11-05 v7.01l Hypertext links for LaTeX

(C:\Users\carel\AppData\Local\Programs\MiKTeX\tex/generic/kvdefinekeys\kvdefine
keys.sty
Package: kvdefinekeys 2019-12-19 v1.6 Define keys (HO)
)
(C:\Users\carel\AppData\Local\Programs\MiKTeX\tex/latex/hycolor\hycolor.sty
Package: hycolor 2020-01-27 v1.10 Color options for hyperref/bookmark (HO)
)
(C:\Users\carel\AppData\Local\Programs\MiKTeX\tex/latex/hyperref\nameref.sty
Package: nameref 2023-11-26 v2.56 Cross-referencing by name of section

(C:\Users\carel\AppData\Local\Programs\MiKTeX\tex/latex/refcount\refcount.sty
Package: refcount 2019/12/15 v3.6 Data extraction from label references (HO)
)
(C:\Users\carel\AppData\Local\Programs\MiKTeX\tex/generic/gettitlestring\gettit
lestring.sty
Package: gettitlestring 2019/12/15 v1.6 Cleanup title references (HO)
)
\c@section@level=\count342
)
\@linkdim=\dimen302
\Hy@linkcounter=\count343
\Hy@pagecounter=\count344

(C:\Users\carel\AppData\Local\Programs\MiKTeX\tex/latex/hyperref\pd1enc.def
File: pd1enc.def 2024-11-05 v7.01l Hyperref: PDFDocEncoding definition (HO)
Now handling font encoding PD1 ...
... no UTF-8 mapping file for font encoding PD1
)
(C:\Users\carel\AppData\Local\Programs\MiKTeX\tex/generic/intcalc\intcalc.sty
Package: intcalc 2019/12/15 v1.3 Expandable calculations with integers (HO)
)
\Hy@SavedSpaceFactor=\count345

(C:\Users\carel\AppData\Local\Programs\MiKTeX\tex/latex/hyperref\puenc.def
File: puenc.def 2024-11-05 v7.01l Hyperref: PDF Unicode definition (HO)
Now handling font encoding PU ...
... no UTF-8 mapping file for font encoding PU
)
Package hyperref Info: Hyper figures OFF on input line 4157.
Package hyperref Info: Link nesting OFF on input line 4162.
Package hyperref Info: Hyper index ON on input line 4165.
Package hyperref Info: Plain pages OFF on input line 4172.
Package hyperref Info: Backreferencing OFF on input line 4177.
Package hyperref Info: Implicit mode ON; LaTeX internals redefined.
Package hyperref Info: Bookmarks ON on input line 4424.
\c@Hy@tempcnt=\count346

(C:\Users\carel\AppData\Local\Programs\MiKTeX\tex/latex/url\url.sty
\Urlmuskip=\muskip18
Package: url 2013/09/16  ver 3.4  Verb mode for urls, etc.
)
LaTeX Info: Redefining \url on input line 4763.
\XeTeXLinkMargin=\dimen303

(C:\Users\carel\AppData\Local\Programs\MiKTeX\tex/generic/bitset\bitset.sty
Package: bitset 2019/12/09 v1.3 Handle bit-vector datatype (HO)

(C:\Users\carel\AppData\Local\Programs\MiKTeX\tex/generic/bigintcalc\bigintcalc
.sty
Package: bigintcalc 2019/12/15 v1.5 Expandable calculations on big integers (HO
)
))
\Fld@menulength=\count347
\Field@Width=\dimen304
\Fld@charsize=\dimen305
Package hyperref Info: Hyper figures OFF on input line 6042.
Package hyperref Info: Link nesting OFF on input line 6047.
Package hyperref Info: Hyper index ON on input line 6050.
Package hyperref Info: backreferencing OFF on input line 6057.
Package hyperref Info: Link coloring OFF on input line 6062.
Package hyperref Info: Link coloring with OCG OFF on input line 6067.
Package hyperref Info: PDF/A mode OFF on input line 6072.

(C:\Users\carel\AppData\Local\Programs\MiKTeX\tex/latex/base\atbegshi-ltx.sty
Package: atbegshi-ltx 2021/01/10 v1.0c Emulation of the original atbegshi
package with kernel methods
)
\Hy@abspage=\count348
\c@Item=\count349
\c@Hfootnote=\count350
)
Package hyperref Info: Driver (autodetected): hpdftex.
(C:\Users\carel\AppData\Local\Programs\MiKTeX\tex/latex/hyperref\hpdftex.def
File: hpdftex.def 2024-11-05 v7.01l Hyperref driver for pdfTeX

(C:\Users\carel\AppData\Local\Programs\MiKTeX\tex/latex/base\atveryend-ltx.sty
Package: atveryend-ltx 2020/08/19 v1.0a Emulation of the original atveryend pac
kage
with kernel methods
)
\Fld@listcount=\count351
\c@bookmark@seq@number=\count352

(C:\Users\carel\AppData\Local\Programs\MiKTeX\tex/latex/rerunfilecheck\rerunfil
echeck.sty
Package: rerunfilecheck 2022-07-10 v1.10 Rerun checks for auxiliary files (HO)

(C:\Users\carel\AppData\Local\Programs\MiKTeX\tex/generic/uniquecounter\uniquec
ounter.sty
Package: uniquecounter 2019/12/15 v1.4 Provide unlimited unique counter (HO)
)
Package uniquecounter Info: New unique counter `rerunfilecheck' on input line 2
85.
)
\Hy@SectionHShift=\skip62
)
(C:\Users\carel\AppData\Local\Programs\MiKTeX\tex/latex/mathtools\mathtools.sty
Package: mathtools 2024/10/04 v1.31 mathematical typesetting tools
(C:\Users\carel\AppData\Local\Programs\MiKTeX\tex/latex/tools\calc.sty
Package: calc 2023/07/08 v4.3 Infix arithmetic (KKT,FJ)
\calc@Acount=\count353
\calc@Bcount=\count354
\calc@Adimen=\dimen306
\calc@Bdimen=\dimen307
\calc@Askip=\skip63
\calc@Bskip=\skip64
LaTeX Info: Redefining \setlength on input line 80.
LaTeX Info: Redefining \addtolength on input line 81.
\calc@Ccount=\count355
\calc@Cskip=\skip65
)
(C:\Users\carel\AppData\Local\Programs\MiKTeX\tex/latex/mathtools\mhsetup.sty
Package: mhsetup 2021/03/18 v1.4 programming setup (MH)
)
\g_MT_multlinerow_int=\count356
\l_MT_multwidth_dim=\dimen308
\origjot=\skip66
\l_MT_shortvdotswithinadjustabove_dim=\dimen309
\l_MT_shortvdotswithinadjustbelow_dim=\dimen310
\l_MT_above_intertext_sep=\dimen311
\l_MT_below_intertext_sep=\dimen312
\l_MT_above_shortintertext_sep=\dimen313
\l_MT_below_shortintertext_sep=\dimen314
\xmathstrut@box=\box88
\xmathstrut@dim=\dimen315
) (C:\Users\carel\AppData\Local\Programs\MiKTeX\tex/latex/relsize\relsize.sty
Package: relsize 2013/03/29 ver 4.1
)
(C:\Users\carel\AppData\Local\Programs\MiKTeX\tex/latex/jknappen\mathrsfs.sty
Package: mathrsfs 1996/01/01 Math RSFS package v1.0 (jk)
\symrsfs=\mathgroup6
)
(C:\Users\carel\AppData\Local\Programs\MiKTeX\tex/latex/tools\bm.sty
Package: bm 2023/12/19 v1.2f Bold Symbol Support (DPC/FMi)
\symboldoperators=\mathgroup7
\symboldletters=\mathgroup8
\symboldsymbols=\mathgroup9
Package bm Info: No bold for \OMX/lmex/m/n, using \pmb.
Package bm Info: No bold for \U/msa/m/n, using \pmb.
Package bm Info: No bold for \U/msb/m/n, using \pmb.
Package bm Info: No bold for \U/rsfs/m/n, using \pmb.
LaTeX Font Info:    Redeclaring math alphabet \mathbf on input line 149.
)
(C:\Users\carel\AppData\Local\Programs\MiKTeX\tex/latex/xfrac\xfrac.sty
Package: xfrac 2024-06-04 Split-level fractions
\l__xfrac_slash_box=\box89
\l__xfrac_tmp_box=\box90
\l__xfrac_denominator_bot_sep_dim=\dimen316
\l__xfrac_numerator_bot_sep_dim=\dimen317
\l__xfrac_numerator_top_sep_dim=\dimen318
\l__xfrac_slash_left_sep_dim=\dimen319
\l__xfrac_slash_right_sep_dim=\dimen320
\l__xfrac_slash_left_muskip=\muskip19
\l__xfrac_slash_right_muskip=\muskip20

LaTeX template Info: Declaring template type 'xfrac' taking 3 argument(s) on
(template)           line 100.


LaTeX template Info: Declaring instance 'cmr' of type xfrac on line 392.


LaTeX template Info: Declaring instance 'cmss' of type xfrac on line 392.


LaTeX template Info: Declaring instance 'cmtt' of type xfrac on line 392.

)
(C:\Users\carel\AppData\Local\Programs\MiKTeX\tex/latex/lipsum\lipsum.sty
(C:\Users\carel\AppData\Local\Programs\MiKTeX\tex/latex/l3packages/l3keys2e\l3k
eys2e.sty
Package: l3keys2e 2024-08-16 LaTeX2e option processing using LaTeX3 keys
)
Package: lipsum 2021-09-20 v2.7 150 paragraphs of Lorem Ipsum dummy text
\g__lipsum_par_int=\count357
\l__lipsum_a_int=\count358
\l__lipsum_b_int=\count359

(C:\Users\carel\AppData\Local\Programs\MiKTeX\tex/latex/lipsum\lipsum.ltd.tex))
(C:\Users\carel\AppData\Local\Programs\MiKTeX\tex/latex/bbm\bbm.sty
Package: bbm 1999/03/15 V 1.2 provides fonts for set symbols - TH
LaTeX Font Info:    Overwriting math alphabet `\mathbbm' in version `bold'
(Font)                  U/bbm/m/n --> U/bbm/bx/n on input line 33.
LaTeX Font Info:    Overwriting math alphabet `\mathbbmss' in version `bold'
(Font)                  U/bbmss/m/n --> U/bbmss/bx/n on input line 35.
)
(C:\Users\carel\AppData\Local\Programs\MiKTeX\tex/latex/cancel\cancel.sty
Package: cancel 2013/04/12 v2.2 Cancel math terms
)
(C:\Users\carel\AppData\Local\Programs\MiKTeX\tex/latex/tools\multicol.sty
Package: multicol 2024/09/14 v1.9i multicolumn formatting (FMi)
\c@tracingmulticols=\count360
\mult@box=\box91
\multicol@leftmargin=\dimen321
\c@unbalance=\count361
\c@collectmore=\count362
\doublecol@number=\count363
\multicoltolerance=\count364
\multicolpretolerance=\count365
\full@width=\dimen322
\page@free=\dimen323
\premulticols=\dimen324
\postmulticols=\dimen325
\multicolsep=\skip67
\multicolbaselineskip=\skip68
\partial@page=\box92
\last@line=\box93
\mc@boxedresult=\box94
\maxbalancingoverflow=\dimen326
\mult@rightbox=\box95
\mult@grightbox=\box96
\mult@firstbox=\box97
\mult@gfirstbox=\box98
\@tempa=\box99
\@tempa=\box100
\@tempa=\box101
\@tempa=\box102
\@tempa=\box103
\@tempa=\box104
\@tempa=\box105
\@tempa=\box106
\@tempa=\box107
\@tempa=\box108
\@tempa=\box109
\@tempa=\box110
\@tempa=\box111
\@tempa=\box112
\@tempa=\box113
\@tempa=\box114
\@tempa=\box115
\@tempa=\box116
\@tempa=\box117
\@tempa=\box118
\@tempa=\box119
\@tempa=\box120
\@tempa=\box121
\@tempa=\box122
\@tempa=\box123
\@tempa=\box124
\@tempa=\box125
\@tempa=\box126
\@tempa=\box127
\@tempa=\box128
\@tempa=\box129
\@tempa=\box130
\@tempa=\box131
\@tempa=\box132
\@tempa=\box133
\@tempa=\box134
\c@minrows=\count366
\c@columnbadness=\count367
\c@finalcolumnbadness=\count368
\last@try=\dimen327
\multicolovershoot=\dimen328
\multicolundershoot=\dimen329
\mult@nat@firstbox=\box135
\colbreak@box=\box136
\mc@col@check@num=\count369
)
(C:\Users\carel\AppData\Local\Programs\MiKTeX\tex/latex/makecell\makecell.sty
Package: makecell 2009/08/03 V0.1e Managing of Tab Column Heads and Cells
\rotheadsize=\dimen330
\c@nlinenum=\count370
\TeXr@lab=\toks50
)
(C:\Users\carel\AppData\Local\Programs\MiKTeX\tex/latex/pgfplots\pgfplots.sty
(C:\Users\carel\AppData\Local\Programs\MiKTeX\tex/generic/pgfplots\pgfplots.rev
ision.tex)
Package: pgfplots 2021/05/15 v1.18.1 Data Visualization (1.18.1)

(C:\Users\carel\AppData\Local\Programs\MiKTeX\tex/generic/pgfplots\pgfplots.cod
e.tex
(C:\Users\carel\AppData\Local\Programs\MiKTeX\tex/generic/pgfplots\pgfplotscore
.code.tex
\t@pgfplots@toka=\toks51
\t@pgfplots@tokb=\toks52
\t@pgfplots@tokc=\toks53
\pgfplots@tmpa=\dimen331
\c@pgfplots@coordindex=\count371
\c@pgfplots@scanlineindex=\count372

(C:\Users\carel\AppData\Local\Programs\MiKTeX\tex/generic/pgfplots/sys\pgfplots
sysgeneric.code.tex))
(C:\Users\carel\AppData\Local\Programs\MiKTeX\tex/generic/pgfplots/libs\pgfplot
slibrary.code.tex)
(C:\Users\carel\AppData\Local\Programs\MiKTeX\tex/generic/pgfplots/oldpgfcompat
ib\pgfplotsoldpgfsupp_loader.code.tex
Package pgfplots: loading complementary utilities for your pgf version...
\t@pgf@toka=\toks54
\t@pgf@tokb=\toks55
\t@pgf@tokc=\toks56

(C:\Users\carel\AppData\Local\Programs\MiKTeX\tex/generic/pgfplots/oldpgfcompat
ib\pgfplotsoldpgfsupp_pgfutil-common-lists.tex))
(C:\Users\carel\AppData\Local\Programs\MiKTeX\tex/generic/pgfplots/util\pgfplot
sutil.code.tex
(C:\Users\carel\AppData\Local\Programs\MiKTeX\tex/generic/pgfplots/liststructur
e\pgfplotsliststructure.code.tex)
(C:\Users\carel\AppData\Local\Programs\MiKTeX\tex/generic/pgfplots/liststructur
e\pgfplotsliststructureext.code.tex)
(C:\Users\carel\AppData\Local\Programs\MiKTeX\tex/generic/pgfplots/liststructur
e\pgfplotsarray.code.tex
\c@pgfplotsarray@tmp=\count373
)
(C:\Users\carel\AppData\Local\Programs\MiKTeX\tex/generic/pgfplots/liststructur
e\pgfplotsmatrix.code.tex)
(C:\Users\carel\AppData\Local\Programs\MiKTeX\tex/generic/pgfplots/numtable\pgf
plotstableshared.code.tex
\c@pgfplotstable@counta=\count374
\t@pgfplotstable@a=\toks57
)
(C:\Users\carel\AppData\Local\Programs\MiKTeX\tex/generic/pgfplots/liststructur
e\pgfplotsdeque.code.tex)
(C:\Users\carel\AppData\Local\Programs\MiKTeX\tex/generic/pgfplots/util\pgfplot
sbinary.code.tex
(C:\Users\carel\AppData\Local\Programs\MiKTeX\tex/generic/pgfplots/util\pgfplot
sbinary.data.code.tex))
(C:\Users\carel\AppData\Local\Programs\MiKTeX\tex/generic/pgfplots/util\pgfplot
sutil.verb.code.tex)
(C:\Users\carel\AppData\Local\Programs\MiKTeX\tex/generic/pgfplots/libs\pgflibr
arypgfplots.surfshading.code.tex
\c@pgfplotslibrarysurf@no=\count375

(C:\Users\carel\AppData\Local\Programs\MiKTeX\tex/generic/pgfplots/sys\pgflibra
rypgfplots.surfshading.pgfsys-pdftex.def)))
(C:\Users\carel\AppData\Local\Programs\MiKTeX\tex/generic/pgfplots/util\pgfplot
scolormap.code.tex
(C:\Users\carel\AppData\Local\Programs\MiKTeX\tex/generic/pgfplots/util\pgfplot
scolor.code.tex))
(C:\Users\carel\AppData\Local\Programs\MiKTeX\tex/generic/pgfplots\pgfplotsstac
kedplots.code.tex)
(C:\Users\carel\AppData\Local\Programs\MiKTeX\tex/generic/pgfplots\pgfplotsplot
handlers.code.tex
(C:\Users\carel\AppData\Local\Programs\MiKTeX\tex/generic/pgfplots\pgfplotsmesh
plothandler.code.tex
(C:\Users\carel\AppData\Local\Programs\MiKTeX\tex/generic/pgfplots\pgfplotsmesh
plotimage.code.tex)))
(C:\Users\carel\AppData\Local\Programs\MiKTeX\tex/generic/pgfplots\pgfplots.sca
ling.code.tex)
(C:\Users\carel\AppData\Local\Programs\MiKTeX\tex/generic/pgfplots\pgfplotscoor
dprocessing.code.tex)
(C:\Users\carel\AppData\Local\Programs\MiKTeX\tex/generic/pgfplots\pgfplots.err
orbars.code.tex)
(C:\Users\carel\AppData\Local\Programs\MiKTeX\tex/generic/pgfplots\pgfplots.mar
kers.code.tex)
(C:\Users\carel\AppData\Local\Programs\MiKTeX\tex/generic/pgfplots\pgfplotstick
s.code.tex)
(C:\Users\carel\AppData\Local\Programs\MiKTeX\tex/generic/pgfplots\pgfplots.pat
hs.code.tex)
(C:\Users\carel\AppData\Local\Programs\MiKTeX\tex/generic/pgf/frontendlayer/tik
z/libraries\tikzlibrarydecorations.code.tex
(C:\Users\carel\AppData\Local\Programs\MiKTeX\tex/generic/pgf/modules\pgfmodule
decorations.code.tex
\pgfdecoratedcompleteddistance=\dimen332
\pgfdecoratedremainingdistance=\dimen333
\pgfdecoratedinputsegmentcompleteddistance=\dimen334
\pgfdecoratedinputsegmentremainingdistance=\dimen335
\pgf@decorate@distancetomove=\dimen336
\pgf@decorate@repeatstate=\count376
\pgfdecorationsegmentamplitude=\dimen337
\pgfdecorationsegmentlength=\dimen338
)
\tikz@lib@dec@box=\box137
)
(C:\Users\carel\AppData\Local\Programs\MiKTeX\tex/generic/pgf/frontendlayer/tik
z/libraries\tikzlibrarydecorations.pathmorphing.code.tex
(C:\Users\carel\AppData\Local\Programs\MiKTeX\tex/generic/pgf/libraries/decorat
ions\pgflibrarydecorations.pathmorphing.code.tex))
(C:\Users\carel\AppData\Local\Programs\MiKTeX\tex/generic/pgf/frontendlayer/tik
z/libraries\tikzlibrarydecorations.pathreplacing.code.tex
(C:\Users\carel\AppData\Local\Programs\MiKTeX\tex/generic/pgf/libraries/decorat
ions\pgflibrarydecorations.pathreplacing.code.tex))
(C:\Users\carel\AppData\Local\Programs\MiKTeX\tex/generic/pgfplots/libs\tikzlib
rarypgfplots.contourlua.code.tex)
\pgfplots@numplots=\count377
\pgfplots@xmin@reg=\dimen339
\pgfplots@xmax@reg=\dimen340
\pgfplots@ymin@reg=\dimen341
\pgfplots@ymax@reg=\dimen342
\pgfplots@zmin@reg=\dimen343
\pgfplots@zmax@reg=\dimen344
)
(C:\Users\carel\AppData\Local\Programs\MiKTeX\tex/generic/pgf/frontendlayer/tik
z/libraries\tikzlibraryplotmarks.code.tex
File: tikzlibraryplotmarks.code.tex 2023-01-15 v3.1.10 (3.1.10)

(C:\Users\carel\AppData\Local\Programs\MiKTeX\tex/generic/pgf/libraries\pgflibr
aryplotmarks.code.tex
File: pgflibraryplotmarks.code.tex 2023-01-15 v3.1.10 (3.1.10)
)))
(C:\Users\carel\AppData\Local\Programs\MiKTeX\tex/latex/fundus-calligra\calligr
a.sty
Package: calligra 2012/04/10 v1.9 LaTeX package calligra
)
(C:\Users\carel\AppData\Local\Programs\MiKTeX\tex/latex/appendix\appendix.sty
Package: appendix 2020/02/08 v1.2c extra appendix facilities
\c@@pps=\count378
\c@@ppsavesec=\count379
\c@@ppsaveapp=\count380
)
(C:\Users\carel\AppData\Local\Programs\MiKTeX\tex/latex/yhmath\yhmath.sty
Package: yhmath 2020/03/17 v1.6
\symyhlargesymbols=\mathgroup10
LaTeX Font Info:    Redeclaring math accent \widetilde on input line 29.
LaTeX Font Info:    Redeclaring math accent \widehat on input line 30.
LaTeX Font Info:    Redeclaring math symbol \braceld on input line 48.
LaTeX Font Info:    Redeclaring math symbol \bracerd on input line 49.
LaTeX Font Info:    Redeclaring math symbol \bracelu on input line 50.
LaTeX Font Info:    Redeclaring math symbol \braceru on input line 51.
LaTeX Font Info:    Redeclaring math delimiter \lmoustache on input line 53.
LaTeX Font Info:    Redeclaring math delimiter \rmoustache on input line 55.
LaTeX Font Info:    Redeclaring math delimiter \arrowvert on input line 57.
LaTeX Font Info:    Redeclaring math delimiter \Arrowvert on input line 59.
LaTeX Font Info:    Redeclaring math delimiter \Vert on input line 61.
LaTeX Font Info:    Redeclaring math delimiter \vert on input line 63.
LaTeX Font Info:    Redeclaring math delimiter \uparrow on input line 65.
LaTeX Font Info:    Redeclaring math delimiter \downarrow on input line 67.
LaTeX Font Info:    Redeclaring math delimiter \updownarrow on input line 69.
LaTeX Font Info:    Redeclaring math delimiter \Uparrow on input line 71.
LaTeX Font Info:    Redeclaring math delimiter \Downarrow on input line 73.
LaTeX Font Info:    Redeclaring math delimiter \Updownarrow on input line 75.
LaTeX Font Info:    Redeclaring math delimiter \backslash on input line 79.
LaTeX Font Info:    Redeclaring math delimiter \rangle on input line 81.
LaTeX Font Info:    Redeclaring math delimiter \langle on input line 83.
LaTeX Font Info:    Redeclaring math delimiter \rbrace on input line 85.
LaTeX Font Info:    Redeclaring math delimiter \lbrace on input line 87.
LaTeX Font Info:    Redeclaring math delimiter \rceil on input line 89.
LaTeX Font Info:    Redeclaring math delimiter \lceil on input line 91.
LaTeX Font Info:    Redeclaring math delimiter \rfloor on input line 93.
LaTeX Font Info:    Redeclaring math delimiter \lfloor on input line 95.
LaTeX Font Info:    Redeclaring math delimiter \lgroup on input line 97.
LaTeX Font Info:    Redeclaring math delimiter \rgroup on input line 99.
LaTeX Font Info:    Redeclaring math delimiter \bracevert on input line 101.
)
(C:\Users\carel\AppData\Local\Programs\MiKTeX\tex/generic/pgf/frontendlayer/tik
z/libraries\tikzlibraryangles.code.tex
File: tikzlibraryangles.code.tex 2023-01-15 v3.1.10 (3.1.10)
)
(C:\Users\carel\AppData\Local\Programs\MiKTeX\tex/generic/pgf/frontendlayer/tik
z/libraries\tikzlibraryquotes.code.tex
File: tikzlibraryquotes.code.tex 2023-01-15 v3.1.10 (3.1.10)
)
(C:\Users\carel\AppData\Local\Programs\MiKTeX\tex/generic/pgf/frontendlayer/tik
z/libraries\tikzlibrarypatterns.code.tex
File: tikzlibrarypatterns.code.tex 2023-01-15 v3.1.10 (3.1.10)

(C:\Users\carel\AppData\Local\Programs\MiKTeX\tex/generic/pgf/libraries\pgflibr
arypatterns.code.tex
File: pgflibrarypatterns.code.tex 2023-01-15 v3.1.10 (3.1.10)
))
(C:\Users\carel\AppData\Local\Programs\MiKTeX\tex/latex/circledsteps\circledste
ps.sty
Package: circledsteps 2023/08/11 v1.3.3 Circled steps that you can reference

(C:\Users\carel\AppData\Local\Programs\MiKTeX\tex/latex/pict2e\pict2e.sty
Package: pict2e 2020/09/30 v0.4b Improved picture commands (HjG,RN,JT)

(C:\Users\carel\AppData\Local\Programs\MiKTeX\tex/latex/pict2e\pict2e.cfg
File: pict2e.cfg 2016/02/05 v0.1u pict2e configuration for teTeX/TeXLive
)
Package pict2e Info: Driver file: pdftex.def on input line 112.
Package pict2e Info: Driver file for pict2e: p2e-pdftex.def on input line 114.

(C:\Users\carel\AppData\Local\Programs\MiKTeX\tex/latex/pict2e\p2e-pdftex.def
File: p2e-pdftex.def 2016/02/05 v0.1u Driver-dependant file (RN,HjG,JT)
)
\pIIe@GRAPH=\toks58
\@arclen=\dimen345
\@arcrad=\dimen346
\pIIe@tempdima=\dimen347
\pIIe@tempdimb=\dimen348
\pIIe@tempdimc=\dimen349
\pIIe@tempdimd=\dimen350
\pIIe@tempdime=\dimen351
\pIIe@tempdimf=\dimen352
) (C:\Users\carel\AppData\Local\Programs\MiKTeX\tex/latex/picture\picture.sty
Package: picture 2020-04-22 v1.6 Dimens for picture macros (HO)
Package picture Info: Calculation method: calc.
)
\csteps@CBox=\box138
\csteps@XLength=\skip69
\csteps@YLength=\skip70
\csteps@YDepth=\skip71
\csteps@tmplen=\skip72
\c@cstepcnt=\count381
)
Package hyperref Info: Option `colorlinks' set `true' on input line 53.
\c@theorem=\count382
\c@lemma=\count383
\c@corollary=\count384
\c@definition=\count385
\c@exercise=\count386
LaTeX Font Info:    Trying to load font information for OT1+lmr on input line 1
01.

(C:\Users\carel\AppData\Local\Programs\MiKTeX\tex/latex/lm\ot1lmr.fd
File: ot1lmr.fd 2015/05/01 v1.6.1 Font defs for Latin Modern
)
(appunti_latex.aux)
\openout1 = `appunti_latex.aux'.

LaTeX Font Info:    Checking defaults for OML/cmm/m/it on input line 101.
LaTeX Font Info:    ... okay on input line 101.
LaTeX Font Info:    Checking defaults for OMS/cmsy/m/n on input line 101.
LaTeX Font Info:    ... okay on input line 101.
LaTeX Font Info:    Checking defaults for OT1/cmr/m/n on input line 101.
LaTeX Font Info:    ... okay on input line 101.
LaTeX Font Info:    Checking defaults for T1/cmr/m/n on input line 101.
LaTeX Font Info:    ... okay on input line 101.
LaTeX Font Info:    Checking defaults for TS1/cmr/m/n on input line 101.
LaTeX Font Info:    ... okay on input line 101.
LaTeX Font Info:    Checking defaults for OMX/cmex/m/n on input line 101.
LaTeX Font Info:    ... okay on input line 101.
LaTeX Font Info:    Checking defaults for U/cmr/m/n on input line 101.
LaTeX Font Info:    ... okay on input line 101.
LaTeX Font Info:    Checking defaults for PD1/pdf/m/n on input line 101.
LaTeX Font Info:    ... okay on input line 101.
LaTeX Font Info:    Checking defaults for PU/pdf/m/n on input line 101.
LaTeX Font Info:    ... okay on input line 101.
LaTeX Info: Redefining \it@ocap on input line 101.
LaTeX Info: Redefining \it@ccap on input line 101.


File italian.ldf warning: 
italian.ldf    With OT1 encoding guillemets are poorly faked
italian.ldf    Use T1 encoding
italian.ldf    or specify a font with command \CaporaliFrom
italian.ldf    See the documentation concerning the babel-italian typesetting
italian.ldf    on input line 101.


(C:\Users\carel\AppData\Local\Programs\MiKTeX\tex/context/base/mkii\supp-pdf.mk
ii
[Loading MPS to PDF converter (version 2006.09.02).]
\scratchcounter=\count387
\scratchdimen=\dimen353
\scratchbox=\box139
\nofMPsegments=\count388
\nofMParguments=\count389
\everyMPshowfont=\toks59
\MPscratchCnt=\count390
\MPscratchDim=\dimen354
\MPnumerator=\count391
\makeMPintoPDFobject=\count392
\everyMPtoPDFconversion=\toks60
)
(C:\Users\carel\AppData\Local\Programs\MiKTeX\tex/latex/epstopdf-pkg\epstopdf-b
ase.sty
Package: epstopdf-base 2020-01-24 v2.11 Base part for package epstopdf
Package epstopdf-base Info: Redefining graphics rule for `.eps' on input line 4
85.

(C:\Users\carel\AppData\Local\Programs\MiKTeX\tex/latex/00miktex\epstopdf-sys.c
fg
File: epstopdf-sys.cfg 2021/03/18 v2.0 Configuration of epstopdf for MiKTeX
))
\c@lstlisting=\count393
 (C:\Users\carel\AppData\Local\Programs\MiKTeX\tex/latex/base\inputenc.sty
Package: inputenc 2024/02/08 v1.3d Input encoding file
\inpenc@prehook=\toks61
\inpenc@posthook=\toks62
)
Package hyperref Info: Link coloring ON on input line 101.
(appunti_latex.out) (appunti_latex.out)
\@outlinefile=\write4
\openout4 = `appunti_latex.out'.



Package pgfplots Warning: running in backwards compatibility mode (unsuitable t
ick labels; missing features). Consider writing \pgfplotsset{compat=1.18} into 
your preamble.
 on input line 101.

LaTeX Font Info:    Trying to load font information for OML+lmm on input line 1
05.
(C:\Users\carel\AppData\Local\Programs\MiKTeX\tex/latex/lm\omllmm.fd
File: omllmm.fd 2015/05/01 v1.6.1 Font defs for Latin Modern
)
LaTeX Font Info:    Trying to load font information for OMS+lmsy on input line 
105.

(C:\Users\carel\AppData\Local\Programs\MiKTeX\tex/latex/lm\omslmsy.fd
File: omslmsy.fd 2015/05/01 v1.6.1 Font defs for Latin Modern
)
LaTeX Font Info:    Trying to load font information for OMX+lmex on input line 
105.

(C:\Users\carel\AppData\Local\Programs\MiKTeX\tex/latex/lm\omxlmex.fd
File: omxlmex.fd 2015/05/01 v1.6.1 Font defs for Latin Modern
)
LaTeX Font Info:    External font `lmex10' loaded for size
(Font)              <14.4> on input line 105.
LaTeX Font Info:    External font `lmex10' loaded for size
(Font)              <10> on input line 105.
LaTeX Font Info:    External font `lmex10' loaded for size
(Font)              <7> on input line 105.
LaTeX Font Info:    Trying to load font information for U+msa on input line 105
.

(C:\Users\carel\AppData\Local\Programs\MiKTeX\tex/latex/amsfonts\umsa.fd
File: umsa.fd 2013/01/14 v3.01 AMS symbols A
)
LaTeX Font Info:    Trying to load font information for U+msb on input line 105
.

(C:\Users\carel\AppData\Local\Programs\MiKTeX\tex/latex/amsfonts\umsb.fd
File: umsb.fd 2013/01/14 v3.01 AMS symbols B
)
LaTeX Font Info:    Trying to load font information for U+rsfs on input line 10
5.

(C:\Users\carel\AppData\Local\Programs\MiKTeX\tex/latex/jknappen\ursfs.fd
File: ursfs.fd 1998/03/24 rsfs font definition file (jk)
)
LaTeX Font Info:    Trying to load font information for OMX+yhex on input line 
105.

(C:\Users\carel\AppData\Local\Programs\MiKTeX\tex/latex/yhmath\omxyhex.fd
File: OMXyhex.fd 
File: OMXyhex.fd 2013/07/03 v1.1 YH's humble contribution to TeX maths (NP)
)

LaTeX Warning: No \author given.



[1

{C:/Users/carel/AppData/Local/MiKTeX/fonts/map/pdftex/pdftex.map}{C:/Users/care
l/AppData/Local/Programs/MiKTeX/fonts/enc/dvips/lm/lm-rm.enc}]
(appunti_latex.toc
LaTeX Font Info:    External font `lmex10' loaded for size
(Font)              <12> on input line 4.
LaTeX Font Info:    External font `lmex10' loaded for size
(Font)              <8> on input line 4.
LaTeX Font Info:    External font `lmex10' loaded for size
(Font)              <6> on input line 4.



pdfTeX warning (ext4): destination with the same identifier (name{page.1}) has 
been already used, duplicate ignored
<to be read again> 
                   \relax 
l.28 ... {3}Studio del calcolatore}{23}{chapter.3}
                                                  % [1

]

[2]

[3])
\tf@toc=\write5
\openout5 = `appunti_latex.toc'.



[4]
Capitolo 1.


[5

]
LaTeX Font Info:    Trying to load font information for TS1+lmr on input line 1
26.
 (C:\Users\carel\AppData\Local\Programs\MiKTeX\tex/latex/lm\ts1lmr.fd
File: ts1lmr.fd 2015/05/01 v1.6.1 Font defs for Latin Modern
)

[6{C:/Users/carel/AppData/Local/Programs/MiKTeX/fonts/enc/dvips/lm/lm-ts1.enc}]


[7]

[8]

[9]

[10]

[11]
<multilevel_machine.jpg, id=735, 405.515pt x 308.15125pt>
File: multilevel_machine.jpg Graphic file (type jpg)
<use multilevel_machine.jpg>
Package pdftex.def Info: multilevel_machine.jpg  used on input line 214.
(pdftex.def)             Requested size: 405.51399pt x 308.15048pt.

Overfull \hbox (15.51399pt too wide) in paragraph at lines 214--215
 [][] 
 []


LaTeX Warning: `h' float specifier changed to `ht'.



[12]
<logic_gates.jpg, id=742, 296.60812pt x 242.40562pt>
File: logic_gates.jpg Graphic file (type jpg)
<use logic_gates.jpg>
Package pdftex.def Info: logic_gates.jpg  used on input line 226.
(pdftex.def)             Requested size: 292.5pt x 239.05759pt.


[13 <./multilevel_machine.jpg>]

[14 <./logic_gates.jpg>]

[15]

[16]
Capitolo 2.

Underfull \hbox (badness 10000) in paragraph at lines 271--286

 []



[17

{C:/Users/carel/AppData/Local/Programs/MiKTeX/fonts/enc/dvips/lm/lm-mathit.enc}
]
Underfull \hbox (badness 10000) in paragraph at lines 305--310

 []



[18{C:/Users/carel/AppData/Local/Programs/MiKTeX/fonts/enc/dvips/lm/lm-mathsy.e
nc}]

LaTeX Font Warning: Font shape `OT1/lmr/bx/sc' undefined
(Font)              using `OT1/lmr/bx/n' instead on input line 326.


Underfull \hbox (badness 4582) in paragraph at lines 326--326
[][][]\OT1/lmr/bx/n/12 Teo-re-ma del cam-pio-na-men-to di Ny-qui-st
 []



[19{C:/Users/carel/AppData/Local/Programs/MiKTeX/fonts/enc/dvips/lm/lm-rmsc.enc
}]
Underfull \hbox (badness 10000) in paragraph at lines 346--352

 []



[20]

[21]

[22]
Capitolo 3.
<extended_neumann.png, id=804, 616.24825pt x 324.5332pt>
File: extended_neumann.png Graphic file (type png)
<use extended_neumann.png>
Package pdftex.def Info: extended_neumann.png  used on input line 387.
(pdftex.def)             Requested size: 292.5pt x 154.04097pt.


[23

 <./extended_neumann.png>]

[24]

[25]

[26]

[27]

[28]

[29]

[30]
Overfull \hbox (19.90213pt too wide) in paragraph at lines 532--532
[]\OT1/lmr/bx/n/17.28 Parallelismo se-con-do la tas-so-no-mia di Flynn 
 []


Overfull \hbox (55.5583pt too wide) in paragraph at lines 535--544
 [][] 
 []



[31]
Underfull \hbox (badness 10000) in paragraph at lines 564--565

 []

<pipeling.jpeg, id=858, 851.18pt x 437.635pt>
File: pipeling.jpeg Graphic file (type jpg)
<use pipeling.jpeg>
Package pdftex.def Info: pipeling.jpeg  used on input line 570.
(pdftex.def)             Requested size: 390.0pt x 200.51988pt.


[32]

[33 <./pipeling.jpeg>]
<due_pipeline.jpeg, id=872, 846.16125pt x 246.9225pt>
File: due_pipeline.jpeg Graphic file (type jpg)
<use due_pipeline.jpeg>
Package pdftex.def Info: due_pipeline.jpeg  used on input line 582.
(pdftex.def)             Requested size: 390.0pt x 113.80801pt.
<architettura_superscalare.jpeg, id=873, 721.69624pt x 441.65pt>
File: architettura_superscalare.jpeg Graphic file (type jpg)
<use architettura_superscalare.jpeg>
Package pdftex.def Info: architettura_superscalare.jpeg  used on input line 590
.
(pdftex.def)             Requested size: 390.0pt x 238.66266pt.


[34 <./due_pipeline.jpeg>]

[35 <./architettura_superscalare.jpeg>]

[36]

[37]

[38]

[39]
Underfull \hbox (badness 10000) in paragraph at lines 654--656

 []

<ordinamento_byte.jpg, id=911, 702.625pt x 199.74625pt>
File: ordinamento_byte.jpg Graphic file (type jpg)
<use ordinamento_byte.jpg>
Package pdftex.def Info: ordinamento_byte.jpg  used on input line 674.
(pdftex.def)             Requested size: 272.99881pt x 77.61116pt.

Underfull \hbox (badness 10000) in paragraph at lines 671--676

 []


LaTeX Warning: `h' float specifier changed to `ht'.



[40]
Underfull \hbox (badness 10000) in paragraph at lines 681--690

 []



[41 <./ordinamento_byte.jpg>]

[42]

[43]

[44]

[45]
<SIMM_DIMM.png, id=937, 296.307pt x 85.5195pt>
File: SIMM_DIMM.png Graphic file (type png)
<use SIMM_DIMM.png>
Package pdftex.def Info: SIMM_DIMM.png  used on input line 779.
(pdftex.def)             Requested size: 390.0pt x 112.57027pt.


[46]
<gerarchia_memoria.png, id=943, 501.875pt x 401.5pt>
File: gerarchia_memoria.png Graphic file (type png)
<use gerarchia_memoria.png>
Package pdftex.def Info: gerarchia_memoria.png  used on input line 788.
(pdftex.def)             Requested size: 390.0pt x 312.01697pt.


[47 <./SIMM_DIMM.png>]

[48 <./gerarchia_memoria.png>]
<disco_magnetico.png, id=958, 614.89725pt x 242.1045pt>
File: disco_magnetico.png Graphic file (type png)
<use disco_magnetico.png>
Package pdftex.def Info: disco_magnetico.png  used on input line 804.
(pdftex.def)             Requested size: 390.0pt x 153.55733pt.

Underfull \hbox (badness 10000) in paragraph at lines 797--806

 []



[49]

[50 <./disco_magnetico.png>]

[51]
<dischi_SCSI.png, id=974, 388.45125pt x 317.38576pt>
File: dischi_SCSI.png Graphic file (type png)
<use dischi_SCSI.png>
Package pdftex.def Info: dischi_SCSI.png  used on input line 831.
(pdftex.def)             Requested size: 390.0pt x 318.65866pt.


[52 <./dischi_SCSI.png>]
<RAID_0.png, id=980, 239.6955pt x 78.89474pt>
File: RAID_0.png Graphic file (type png)
<use RAID_0.png>
Package pdftex.def Info: RAID_0.png  used on input line 842.
(pdftex.def)             Requested size: 292.5pt x 96.27791pt.


[53]
<RAID_1.png, id=985, 443.256pt x 90.3375pt>
File: RAID_1.png Graphic file (type png)
<use RAID_1.png>
Package pdftex.def Info: RAID_1.png  used on input line 849.
(pdftex.def)             Requested size: 390.0pt x 79.48344pt.
<RAID_2.png, id=986, 422.17725pt x 79.497pt>
File: RAID_2.png Graphic file (type png)
<use RAID_2.png>
Package pdftex.def Info: RAID_2.png  used on input line 855.
(pdftex.def)             Requested size: 390.0pt x 73.44136pt.


[54 <./RAID_0.png> <./RAID_1.png>]
<RAID_3.png, id=996, 283.0575pt x 74.07675pt>
File: RAID_3.png Graphic file (type png)
<use RAID_3.png>
Package pdftex.def Info: RAID_3.png  used on input line 862.
(pdftex.def)             Requested size: 390.0pt x 102.0723pt.
<RAID_4.png, id=997, 280.6485pt x 75.28125pt>
File: RAID_4.png Graphic file (type png)
<use RAID_4.png>
Package pdftex.def Info: RAID_4.png  used on input line 868.
(pdftex.def)             Requested size: 390.0pt x 104.62108pt.


[55 <./RAID_2.png> <./RAID_3.png>]
<RAID_5.png, id=1006, 284.86424pt x 114.4275pt>
File: RAID_5.png Graphic file (type png)
<use RAID_5.png>
Package pdftex.def Info: RAID_5.png  used on input line 874.
(pdftex.def)             Requested size: 390.0pt x 156.67044pt.


[56 <./RAID_4.png> <./RAID_5.png>]

[57]

[58]

[59]
Capitolo 4.


[60

]
Underfull \hbox (badness 10000) in paragraph at lines 932--935

 []


Underfull \hbox (badness 10000) in paragraph at lines 932--935

 []

<NOT.png, id=1036, 150.5625pt x 75.28125pt>
File: NOT.png Graphic file (type png)
<use NOT.png>
Package pdftex.def Info: NOT.png  used on input line 944.
(pdftex.def)             Requested size: 58.49762pt x 29.24928pt.

LaTeX Warning: `h' float specifier changed to `ht'.

<OR.png, id=1037, 150.5625pt x 75.28125pt>
File: OR.png Graphic file (type png)
<use OR.png>
Package pdftex.def Info: OR.png  used on input line 963.
(pdftex.def)             Requested size: 58.49762pt x 29.24928pt.

Underfull \hbox (badness 10000) in paragraph at lines 948--966

 []



[61]
<AND.png, id=1042, 150.5625pt x 75.28125pt>
File: AND.png Graphic file (type png)
<use AND.png>
Package pdftex.def Info: AND.png  used on input line 982.
(pdftex.def)             Requested size: 58.49762pt x 29.24928pt.

Underfull \hbox (badness 10000) in paragraph at lines 967--985

 []


LaTeX Warning: `h' float specifier changed to `ht'.

<XOR.png, id=1043, 150.5625pt x 75.28125pt>
File: XOR.png Graphic file (type png)
<use XOR.png>
Package pdftex.def Info: XOR.png  used on input line 1001.
(pdftex.def)             Requested size: 58.49762pt x 29.24928pt.

Underfull \hbox (badness 10000) in paragraph at lines 986--1006

 []



[62 <./NOT.png> <./OR.png>]
<NOR.png, id=1052, 150.5625pt x 75.28125pt>
File: NOR.png Graphic file (type png)
<use NOR.png>
Package pdftex.def Info: NOR.png  used on input line 1022.
(pdftex.def)             Requested size: 58.49762pt x 29.24928pt.

Underfull \hbox (badness 10000) in paragraph at lines 1007--1025

 []


LaTeX Warning: `h' float specifier changed to `ht'.

<NAND.png, id=1053, 150.5625pt x 75.28125pt>
File: NAND.png Graphic file (type png)
<use NAND.png>
Package pdftex.def Info: NAND.png  used on input line 1041.
(pdftex.def)             Requested size: 58.49762pt x 29.24928pt.

Underfull \hbox (badness 10000) in paragraph at lines 1026--1044

 []



[63 <./AND.png> <./XOR.png>]
Overfull \hbox (60.63452pt too wide) in paragraph at lines 1049--1074
 [][] 
 []



[64 <./NOR.png> <./NAND.png>]

[65]
<multiplexer.png, id=1075, 652.4375pt x 501.875pt>
File: multiplexer.png Graphic file (type png)
<use multiplexer.png>
Package pdftex.def Info: multiplexer.png  used on input line 1115.
(pdftex.def)             Requested size: 390.0pt x 300.00925pt.

Underfull \hbox (badness 10000) in paragraph at lines 1110--1117

 []



[66]
<Decodificatore.png, id=1081, 853.1875pt x 371.3875pt>
File: Decodificatore.png Graphic file (type png)
<use Decodificatore.png>
Package pdftex.def Info: Decodificatore.png  used on input line 1124.
(pdftex.def)             Requested size: 390.0pt x 169.76927pt.


[67 <./multiplexer.png>]
<Comparatore.png, id=1088, 374.5995pt x 326.4195pt>
File: Comparatore.png Graphic file (type png)
<use Comparatore.png>
Package pdftex.def Info: Comparatore.png  used on input line 1136.
(pdftex.def)             Requested size: 234.00238pt x 203.90707pt.

Underfull \hbox (badness 10000) in paragraph at lines 1133--1138

 []



[68 <./Decodificatore.png>]
<PLA.png, id=1095, 487.8225pt x 476.982pt>
File: PLA.png Graphic file (type png)
<use PLA.png>
Package pdftex.def Info: PLA.png  used on input line 1144.
(pdftex.def)             Requested size: 390.0pt x 381.33865pt.


[69 <./Comparatore.png>]
<registri_scorrimento.png, id=1102, 659.46375pt x 305.34074pt>
File: registri_scorrimento.png Graphic file (type png)
<use registri_scorrimento.png>
Package pdftex.def Info: registri_scorrimento.png  used on input line 1152.
(pdftex.def)             Requested size: 390.0pt x 180.57811pt.


[70 <./PLA.png>]
<HALF_ADDER.png, id=1109, 383.55797pt x 171.26485pt>
File: HALF_ADDER.png Graphic file (type png)
<use HALF_ADDER.png>
Package pdftex.def Info: HALF_ADDER.png  used on input line 1175.
(pdftex.def)             Requested size: 292.5pt x 130.61472pt.

Underfull \hbox (badness 10000) in paragraph at lines 1160--1177

 []



[71 <./registri_scorrimento.png>]
<full_adder.png, id=1116, 737.00343pt x 321.45094pt>
File: full_adder.png Graphic file (type png)
<use full_adder.png>
Package pdftex.def Info: full_adder.png  used on input line 1196.
(pdftex.def)             Requested size: 390.0pt x 170.0984pt.

Underfull \hbox (badness 10000) in paragraph at lines 1179--1198

 []



[72 <./HALF_ADDER.png>]
<ALU_1bit.png, id=1123, 849.1725pt x 685.56125pt>
File: ALU_1bit.png Graphic file (type png)
<use ALU_1bit.png>
Package pdftex.def Info: ALU_1bit.png  used on input line 1206.
(pdftex.def)             Requested size: 390.0pt x 314.85988pt.


[73 <./full_adder.png>]
<8bit_ALU.png, id=1130, 645.16031pt x 186.6975pt>
File: 8bit_ALU.png Graphic file (type png)
<use 8bit_ALU.png>
Package pdftex.def Info: 8bit_ALU.png  used on input line 1214.
(pdftex.def)             Requested size: 390.0pt x 112.85689pt.


[74 <./ALU_1bit.png>]
<latchSR.jpg, id=1137, 434.37282pt x 243.91125pt>
File: latchSR.jpg Graphic file (type jpg)
<use latchSR.jpg>
Package pdftex.def Info: latchSR.jpg  used on input line 1231.
(pdftex.def)             Requested size: 292.5pt x 164.25336pt.


[75 <./8bit_ALU.png>]
<latchSRtemp.png, id=1144, 323.2075pt x 156.585pt>
File: latchSRtemp.png Graphic file (type png)
<use latchSRtemp.png>
Package pdftex.def Info: latchSRtemp.png  used on input line 1252.
(pdftex.def)             Requested size: 323.20671pt x 156.58461pt.


[76 <./latchSR.jpg>]
<latchD.jpg, id=1150, 305.64188pt x 181.42781pt>
File: latchD.jpg Graphic file (type jpg)
<use latchD.jpg>
Package pdftex.def Info: latchD.jpg  used on input line 1259.
(pdftex.def)             Requested size: 245.7019pt x 145.84561pt.
<generatore_impulsi.png, id=1151, 233.07076pt x 115.632pt>
File: generatore_impulsi.png Graphic file (type png)
<use generatore_impulsi.png>
Package pdftex.def Info: generatore_impulsi.png  used on input line 1265.
(pdftex.def)             Requested size: 233.07018pt x 115.63171pt.


[77 <./latchSRtemp.png> <./latchD.jpg>]
<FlipFlopD.png, id=1159, 491.436pt x 167.4255pt>
File: FlipFlopD.png Graphic file (type png)
<use FlipFlopD.png>
Package pdftex.def Info: FlipFlopD.png  used on input line 1276.
(pdftex.def)             Requested size: 390.0pt x 132.87526pt.


[78 <./generatore_impulsi.png>]
<8bit_register.png, id=1167, 620.3175pt x 290.88675pt>
File: 8bit_register.png Graphic file (type png)
<use 8bit_register.png>
Package pdftex.def Info: 8bit_register.png  used on input line 1284.
(pdftex.def)             Requested size: 390.0pt x 182.88234pt.


[79 <./FlipFlopD.png> <./8bit_register.png>]
<12bit_memoria.png, id=1175, 607.26875pt x 710.655pt>
File: 12bit_memoria.png Graphic file (type png)
<use 12bit_memoria.png>
Package pdftex.def Info: 12bit_memoria.png  used on input line 1292.
(pdftex.def)             Requested size: 292.5pt x 342.30333pt.


[80 <./12bit_memoria.png (PNG copy)>]
<chip_di_memoria.png, id=1180, 739.563pt x 422.7795pt>
File: chip_di_memoria.png Graphic file (type png)
<use chip_di_memoria.png>
Package pdftex.def Info: chip_di_memoria.png  used on input line 1310.
(pdftex.def)             Requested size: 390.0pt x 222.95602pt.


[81]
Underfull \hbox (badness 10000) in paragraph at lines 1316--1335

 []


Underfull \hbox (badness 10000) in paragraph at lines 1316--1335

 []



[82 <./chip_di_memoria.png>]

[83]

[84]

[85]
<chip_CPU.png, id=1207, 410.7345pt x 253.54726pt>
File: chip_CPU.png Graphic file (type png)
<use chip_CPU.png>
Package pdftex.def Info: chip_CPU.png  used on input line 1353.
(pdftex.def)             Requested size: 410.73349pt x 253.54662pt.

Overfull \hbox (20.73349pt too wide) in paragraph at lines 1353--1354
 [][] 
 []

<bus_CPU.png, id=1208, 596.82974pt x 250.536pt>
File: bus_CPU.png Graphic file (type png)
<use bus_CPU.png>
Package pdftex.def Info: bus_CPU.png  used on input line 1361.
(pdftex.def)             Requested size: 390.0pt x 163.71425pt.


[86 <./chip_CPU.png>]
Underfull \hbox (badness 10000) in paragraph at lines 1364--1370

 []


Underfull \hbox (badness 10000) in paragraph at lines 1364--1370

 []



[87 <./bus_CPU.png>]
Underfull \hbox (badness 10000) in paragraph at lines 1371--1377

 []


Underfull \hbox (badness 10000) in paragraph at lines 1371--1377

 []



[88]
<bus_sincrono.png, id=1230, 576.35326pt x 424.58624pt>
File: bus_sincrono.png Graphic file (type png)
<use bus_sincrono.png>
Package pdftex.def Info: bus_sincrono.png  used on input line 1384.
(pdftex.def)             Requested size: 390.0pt x 287.30247pt.


[89 <./bus_sincrono.png>]
<bus_asincrono.png, id=1239, 473.3685pt x 314.97675pt>
File: bus_asincrono.png Graphic file (type png)
<use bus_asincrono.png>
Package pdftex.def Info: bus_asincrono.png  used on input line 1401.
(pdftex.def)             Requested size: 390.0pt x 259.51297pt.

Underfull \hbox (badness 10000) in paragraph at lines 1398--1402

 []



[90]

[91 <./bus_asincrono.png>]
Underfull \hbox (badness 10000) in paragraph at lines 1413--1414

 []

<daisy_chain.png, id=1253, 635.37375pt x 189.70876pt>
File: daisy_chain.png Graphic file (type png)
<use daisy_chain.png>
Package pdftex.def Info: daisy_chain.png  used on input line 1420.
(pdftex.def)             Requested size: 390.0pt x 116.44873pt.
<arbitro_centr_2livelli.png, id=1254, 636.57825pt x 181.8795pt>
File: arbitro_centr_2livelli.png Graphic file (type png)
<use arbitro_centr_2livelli.png>
Package pdftex.def Info: arbitro_centr_2livelli.png  used on input line 1428.
(pdftex.def)             Requested size: 390.0pt x 111.42921pt.


[92 <./daisy_chain.png>]
Underfull \hbox (badness 10000) in paragraph at lines 1430--1434

 []

<bus_decentralizzato.png, id=1264, 750.4035pt x 210.7875pt>
File: bus_decentralizzato.png Graphic file (type png)
<use bus_decentralizzato.png>
Package pdftex.def Info: bus_decentralizzato.png  used on input line 1440.
(pdftex.def)             Requested size: 390.0pt x 109.55223pt.


[93 <./arbitro_centr_2livelli.png>]
<8259A.png, id=1271, 449.88075pt x 163.20975pt>
File: 8259A.png Graphic file (type png)
<use 8259A.png>
Package pdftex.def Info: 8259A.png  used on input line 1452.
(pdftex.def)             Requested size: 390.0pt x 141.48576pt.


[94 <./bus_decentralizzato.png>]

[95 <./8259A.png>]
<Interfaccia_PIO.png, id=1283, 277.035pt x 127.677pt>
File: Interfaccia_PIO.png Graphic file (type png)
<use Interfaccia_PIO.png>
Package pdftex.def Info: Interfaccia_PIO.png  used on input line 1465.
(pdftex.def)             Requested size: 390.0pt x 179.74014pt.


[96]
<PIO_memoria.png, id=1290, 372.1905pt x 118.64325pt>
File: PIO_memoria.png Graphic file (type png)
<use PIO_memoria.png>
Package pdftex.def Info: PIO_memoria.png  used on input line 1478.
(pdftex.def)             Requested size: 390.0pt x 124.32019pt.

Underfull \hbox (badness 10000) in paragraph at lines 1474--1479

 []



[97 <./Interfaccia_PIO.png>]
<full_address_decoding.png, id=1296, 416.15475pt x 302.93175pt>
File: full_address_decoding.png Graphic file (type png)
<use full_address_decoding.png>
Package pdftex.def Info: full_address_decoding.png  used on input line 1484.
(pdftex.def)             Requested size: 390.0pt x 283.90997pt.


[98 <./PIO_memoria.png>]
<decodifica_parziale.png, id=1303, 424.58624pt x 254.1495pt>
File: decodifica_parziale.png Graphic file (type png)
<use decodifica_parziale.png>
Package pdftex.def Info: decodifica_parziale.png  used on input line 1492.
(pdftex.def)             Requested size: 390.0pt x 233.45584pt.


[99 <./full_address_decoding.png>]

[100 <./decodifica_parziale.png>]
Capitolo 5.

Overfull \hbox (60.53404pt too wide) in paragraph at lines 1497--1498
[]\OT1/lmr/m/n/12 Un'espressione lo-gi-ca ^^Re det-ta in \OT1/lmr/bx/it/12 for-
ma nor-ma-le di-sgiun-ti-va \OT1/lmr/m/n/12 o \OT1/lmr/m/it/12 DNF\OT1/lmr/m/n/
12 (Disjuncitive
 []



[101

]
Underfull \hbox (badness 10000) in paragraph at lines 1517--1533

 []


Underfull \hbox (badness 10000) in paragraph at lines 1517--1533

 []


Underfull \hbox (badness 10000) in paragraph at lines 1536--1551

 []


Underfull \hbox (badness 10000) in paragraph at lines 1536--1551

 []



[102]

[103]
Underfull \hbox (badness 10000) in paragraph at lines 1598--1606

 []



[104]
Underfull \hbox (badness 10000) in paragraph at lines 1612--1614

 []



[105]
\@karnaughmap@local@northwest@=\count394
\@karnaughmap@local@southeast@=\count395
\@karnaughmap@local@northwest@=\count396
\@karnaughmap@local@southeast@=\count397
\@karnaughmap@local@northwest@=\count398
\@karnaughmap@local@southeast@=\count399
\@karnaughmap@local@testcaseone@=\count400
\@karnaughmap@local@testcasetwo@=\count401
\@karnaughmap@local@coordinateonecounter@=\count402
\@karnaughmap@local@coordinatetwocounter@=\count403
\@karnaughmap@local@coordinateonecounter@=\count404
\@karnaughmap@local@coordinatetwocounter@=\count405

Underfull \hbox (badness 10000) in paragraph at lines 1615--1644

 []

\@karnaughmap@local@northwest@=\count406
\@karnaughmap@local@southeast@=\count407
\@karnaughmap@local@northwest@=\count408
\@karnaughmap@local@southeast@=\count409
\@karnaughmap@local@northwest@=\count410
\@karnaughmap@local@southeast@=\count411
\@karnaughmap@local@northwest@=\count412
\@karnaughmap@local@southeast@=\count413
\@karnaughmap@local@northwest@=\count414
\@karnaughmap@local@southeast@=\count415

Underfull \hbox (badness 10000) in paragraph at lines 1646--1682

 []


Underfull \hbox (badness 10000) in paragraph at lines 1646--1682

 []



[106]

[107]

[108]
Capitolo 6.


[109

]

[110]

[111]

[112]

[113]
<SHIFT_ROTAZIONE.jpeg, id=1377, 915.42pt x 129.48375pt>
File: SHIFT_ROTAZIONE.jpeg Graphic file (type jpg)
<use SHIFT_ROTAZIONE.jpeg>
Package pdftex.def Info: SHIFT_ROTAZIONE.jpeg  used on input line 1747.
(pdftex.def)             Requested size: 331.50238pt x 46.8907pt.


[114 <./SHIFT_ROTAZIONE.jpeg>]
<ESTRAZIONE_AND.jpeg, id=1383, 947.54pt x 129.48375pt>
File: ESTRAZIONE_AND.jpeg Graphic file (type jpg)
<use ESTRAZIONE_AND.jpeg>
Package pdftex.def Info: ESTRAZIONE_AND.jpeg  used on input line 1755.
(pdftex.def)             Requested size: 390.0pt x 53.29414pt.
<IMPACCHETTAMENTO_OR.jpeg, id=1384, 900.36375pt x 116.435pt>
File: IMPACCHETTAMENTO_OR.jpeg Graphic file (type jpg)
<use IMPACCHETTAMENTO_OR.jpeg>
Package pdftex.def Info: IMPACCHETTAMENTO_OR.jpeg  used on input line 1761.
(pdftex.def)             Requested size: 390.0pt x 50.43561pt.
<SOSTITUZIONE_AND_OR.jpeg, id=1385, 965.6075pt x 185.69376pt>
File: SOSTITUZIONE_AND_OR.jpeg Graphic file (type jpg)
<use SOSTITUZIONE_AND_OR.jpeg>
Package pdftex.def Info: SOSTITUZIONE_AND_OR.jpeg  used on input line 1766.
(pdftex.def)             Requested size: 390.0pt x 74.9987pt.


[115 <./ESTRAZIONE_AND.jpeg> <./IMPACCHETTAMENTO_OR.jpeg> <./SOSTITUZIONE_AND_O
R.jpeg>]

[116]
<STACK_ATTIVAZIONE.jpeg, id=1394, 1193.45876pt x 560.0925pt>
File: STACK_ATTIVAZIONE.jpeg Graphic file (type jpg)
<use STACK_ATTIVAZIONE.jpeg>
Package pdftex.def Info: STACK_ATTIVAZIONE.jpeg  used on input line 1794.
(pdftex.def)             Requested size: 292.5pt x 137.27086pt.


[117]
<Assembly_instructions.png, id=1399, 920.238pt x 349.90726pt>
File: Assembly_instructions.png Graphic file (type png)
<use Assembly_instructions.png>
Package pdftex.def Info: Assembly_instructions.png  used on input line 1807.
(pdftex.def)             Requested size: 390.0pt x 148.28949pt.


[118 <./STACK_ATTIVAZIONE.jpeg> <./Assembly_instructions.png>]

[119]
<Codice_OP_Estensibile.png, id=1409, 636.57825pt x 119.2455pt>
File: Codice_OP_Estensibile.png Graphic file (type png)
<use Codice_OP_Estensibile.png>
Package pdftex.def Info: Codice_OP_Estensibile.png  used on input line 1836.
(pdftex.def)             Requested size: 390.0pt x 73.05623pt.


[120 <./Codice_OP_Estensibile.png>]
<Codice_estensibile_esempio.png, id=1417, 631.158pt x 373.395pt>
File: Codice_estensibile_esempio.png Graphic file (type png)
<use Codice_estensibile_esempio.png>
Package pdftex.def Info: Codice_estensibile_esempio.png  used on input line 184
8.
(pdftex.def)             Requested size: 390.0pt x 230.72194pt.
<Codice_estensibile_esempio2.png, id=1418, 651.6345pt x 188.50426pt>
File: Codice_estensibile_esempio2.png Graphic file (type png)
<use Codice_estensibile_esempio2.png>
Package pdftex.def Info: Codice_estensibile_esempio2.png  used on input line 18
53.
(pdftex.def)             Requested size: 390.0pt x 112.81865pt.


[121 <./Codice_estensibile_esempio.png>]

[122 <./Codice_estensibile_esempio2.png>]

[123]

[124]
<Notazione_polacca_inversa.png, id=1437, 629.9535pt x 413.74574pt>
File: Notazione_polacca_inversa.png Graphic file (type png)
<use Notazione_polacca_inversa.png>
Package pdftex.def Info: Notazione_polacca_inversa.png  used on input line 1918
.
(pdftex.def)             Requested size: 390.0pt x 256.14723pt.


[125]
<Shunting_yard.png, id=1442, 635.37375pt x 423.5825pt>
File: Shunting_yard.png Graphic file (type png)
<use Shunting_yard.png>
Package pdftex.def Info: Shunting_yard.png  used on input line 1924.
(pdftex.def)             Requested size: 272.99881pt x 182.00119pt.

Overfull \hbox (28.74298pt too wide) in paragraph at lines 1920--1925
[]\OT1/lmr/m/n/12 Per pas-sa-re dal-la no-ta-zio-ne in-fis-sa al-la no-ta-zio-n
e po-lac-ca in-ver-sa si usa l'\OT1/lmr/bx/it/12 algoritmo
 []



[126 <./Notazione_polacca_inversa.png> <./Shunting_yard.png>]

[127]

[128]

[129]

[130]
Capitolo 7.

Underfull \hbox (badness 10000) in paragraph at lines 1951--1968

 []



[131

] (appunti_latex.aux)
 ***********
LaTeX2e <2024-11-01> patch level 2
L3 programming layer <2025-01-18>
 ***********


LaTeX Font Warning: Some font shapes were not available, defaults substituted.

Package rerunfilecheck Info: File `appunti_latex.out' has not changed.
(rerunfilecheck)             Checksum: 22E86E1B6E63EEA047A5975CFCB3581B;23350.
 ) 
Here is how much of TeX's memory you used:
 61737 strings out of 473523
 1569849 string characters out of 5714630
 2493972 words of memory out of 5000000
 83761 multiletter control sequences out of 15000+600000
 637717 words of font info for 108 fonts, out of 8000000 for 9000
 1141 hyphenation exceptions out of 8191
 116i,15n,121p,1358b,1132s stack positions out of 10000i,1000n,20000p,200000b,200000s
<C:/Users/carel/AppData/Local/Programs/MiKTeX/fonts/type1/public/lm/lmbx12.pf
b><C:/Users/carel/AppData/Local/Programs/MiKTeX/fonts/type1/public/lm/lmbx8.pfb
><C:/Users/carel/AppData/Local/Programs/MiKTeX/fonts/type1/public/lm/lmbxi10.pf
b><C:/Users/carel/AppData/Local/Programs/MiKTeX/fonts/type1/public/lm/lmcsc10.p
fb><C:/Users/carel/AppData/Local/Programs/MiKTeX/fonts/type1/public/lm/lmmi12.p
fb><C:/Users/carel/AppData/Local/Programs/MiKTeX/fonts/type1/public/lm/lmmi6.pf
b><C:/Users/carel/AppData/Local/Programs/MiKTeX/fonts/type1/public/lm/lmmi8.pfb
><C:/Users/carel/AppData/Local/Programs/MiKTeX/fonts/type1/public/lm/lmr10.pfb>
<C:/Users/carel/AppData/Local/Programs/MiKTeX/fonts/type1/public/lm/lmr12.pfb><
C:/Users/carel/AppData/Local/Programs/MiKTeX/fonts/type1/public/lm/lmr17.pfb><C
:/Users/carel/AppData/Local/Programs/MiKTeX/fonts/type1/public/lm/lmr8.pfb><C:/
Users/carel/AppData/Local/Programs/MiKTeX/fonts/type1/public/lm/lmri12.pfb><C:/
Users/carel/AppData/Local/Programs/MiKTeX/fonts/type1/public/lm/lmsy10.pfb><C:/
Users/carel/AppData/Local/Programs/MiKTeX/fonts/type1/public/lm/lmsy6.pfb><C:/U
sers/carel/AppData/Local/Programs/MiKTeX/fonts/type1/public/lm/lmsy8.pfb>
Output written on appunti_latex.pdf (132 pages, 4021221 bytes).
PDF statistics:
 1626 PDF objects out of 1728 (max. 8388607)
 379 named destinations out of 1000 (max. 500000)
 1488 words of extra memory for PDF output out of 10000 (max. 10000000)

